Archive member included to satisfy reference by file (symbol)

d:/studia/stm32/ide/stm32cubeide_1.5.1/stm32cubeide/plugins/com.st.stm32cube.ide.mcu.externaltools.gnu-tools-for-stm32.9-2020-q2-update.win32_1.5.0.202011040924/tools/bin/../lib/gcc/arm-none-eabi/9.3.1/../../../../arm-none-eabi/lib/thumb/v7-m/nofp\libc_nano.a(lib_a-errno.o)
                              Core/Src/syscalls.o (__errno)
d:/studia/stm32/ide/stm32cubeide_1.5.1/stm32cubeide/plugins/com.st.stm32cube.ide.mcu.externaltools.gnu-tools-for-stm32.9-2020-q2-update.win32_1.5.0.202011040924/tools/bin/../lib/gcc/arm-none-eabi/9.3.1/../../../../arm-none-eabi/lib/thumb/v7-m/nofp\libc_nano.a(lib_a-exit.o)
                              d:/studia/stm32/ide/stm32cubeide_1.5.1/stm32cubeide/plugins/com.st.stm32cube.ide.mcu.externaltools.gnu-tools-for-stm32.9-2020-q2-update.win32_1.5.0.202011040924/tools/bin/../lib/gcc/arm-none-eabi/9.3.1/../../../../arm-none-eabi/lib/thumb/v7-m/nofp/crt0.o (exit)
d:/studia/stm32/ide/stm32cubeide_1.5.1/stm32cubeide/plugins/com.st.stm32cube.ide.mcu.externaltools.gnu-tools-for-stm32.9-2020-q2-update.win32_1.5.0.202011040924/tools/bin/../lib/gcc/arm-none-eabi/9.3.1/../../../../arm-none-eabi/lib/thumb/v7-m/nofp\libc_nano.a(lib_a-impure.o)
                              d:/studia/stm32/ide/stm32cubeide_1.5.1/stm32cubeide/plugins/com.st.stm32cube.ide.mcu.externaltools.gnu-tools-for-stm32.9-2020-q2-update.win32_1.5.0.202011040924/tools/bin/../lib/gcc/arm-none-eabi/9.3.1/../../../../arm-none-eabi/lib/thumb/v7-m/nofp\libc_nano.a(lib_a-exit.o) (_global_impure_ptr)
d:/studia/stm32/ide/stm32cubeide_1.5.1/stm32cubeide/plugins/com.st.stm32cube.ide.mcu.externaltools.gnu-tools-for-stm32.9-2020-q2-update.win32_1.5.0.202011040924/tools/bin/../lib/gcc/arm-none-eabi/9.3.1/../../../../arm-none-eabi/lib/thumb/v7-m/nofp\libc_nano.a(lib_a-init.o)
                              d:/studia/stm32/ide/stm32cubeide_1.5.1/stm32cubeide/plugins/com.st.stm32cube.ide.mcu.externaltools.gnu-tools-for-stm32.9-2020-q2-update.win32_1.5.0.202011040924/tools/bin/../lib/gcc/arm-none-eabi/9.3.1/../../../../arm-none-eabi/lib/thumb/v7-m/nofp/crt0.o (__libc_init_array)
d:/studia/stm32/ide/stm32cubeide_1.5.1/stm32cubeide/plugins/com.st.stm32cube.ide.mcu.externaltools.gnu-tools-for-stm32.9-2020-q2-update.win32_1.5.0.202011040924/tools/bin/../lib/gcc/arm-none-eabi/9.3.1/../../../../arm-none-eabi/lib/thumb/v7-m/nofp\libc_nano.a(lib_a-memset.o)
                              d:/studia/stm32/ide/stm32cubeide_1.5.1/stm32cubeide/plugins/com.st.stm32cube.ide.mcu.externaltools.gnu-tools-for-stm32.9-2020-q2-update.win32_1.5.0.202011040924/tools/bin/../lib/gcc/arm-none-eabi/9.3.1/../../../../arm-none-eabi/lib/thumb/v7-m/nofp/crt0.o (memset)
d:/studia/stm32/ide/stm32cubeide_1.5.1/stm32cubeide/plugins/com.st.stm32cube.ide.mcu.externaltools.gnu-tools-for-stm32.9-2020-q2-update.win32_1.5.0.202011040924/tools/bin/../lib/gcc/arm-none-eabi/9.3.1/../../../../arm-none-eabi/lib/thumb/v7-m/nofp\libc_nano.a(lib_a-strlen.o)
                              App/Src/my_main.o (strlen)

Allocating common symbols
Common symbol       size              file

hUsbDeviceFS        0x2c4             USB_DEVICE/App/usb_device.o
uwTick              0x4               Drivers/STM32F1xx_HAL_Driver/Src/stm32f1xx_hal.o
pFlash              0x20              Drivers/STM32F1xx_HAL_Driver/Src/stm32f1xx_hal_flash.o
UserRxBufferFS      0x3e8             USB_DEVICE/App/usbd_cdc_if.o
UserTxBufferFS      0x3e8             USB_DEVICE/App/usbd_cdc_if.o
hpcd_USB_FS         0x2ec             USB_DEVICE/Target/usbd_conf.o
USBD_StrDesc        0x200             USB_DEVICE/App/usbd_desc.o

Discarded input sections

 .text          0x0000000000000000        0x0 d:/studia/stm32/ide/stm32cubeide_1.5.1/stm32cubeide/plugins/com.st.stm32cube.ide.mcu.externaltools.gnu-tools-for-stm32.9-2020-q2-update.win32_1.5.0.202011040924/tools/bin/../lib/gcc/arm-none-eabi/9.3.1/thumb/v7-m/nofp/crti.o
 .data          0x0000000000000000        0x0 d:/studia/stm32/ide/stm32cubeide_1.5.1/stm32cubeide/plugins/com.st.stm32cube.ide.mcu.externaltools.gnu-tools-for-stm32.9-2020-q2-update.win32_1.5.0.202011040924/tools/bin/../lib/gcc/arm-none-eabi/9.3.1/thumb/v7-m/nofp/crti.o
 .bss           0x0000000000000000        0x0 d:/studia/stm32/ide/stm32cubeide_1.5.1/stm32cubeide/plugins/com.st.stm32cube.ide.mcu.externaltools.gnu-tools-for-stm32.9-2020-q2-update.win32_1.5.0.202011040924/tools/bin/../lib/gcc/arm-none-eabi/9.3.1/thumb/v7-m/nofp/crti.o
 .data          0x0000000000000000        0x4 d:/studia/stm32/ide/stm32cubeide_1.5.1/stm32cubeide/plugins/com.st.stm32cube.ide.mcu.externaltools.gnu-tools-for-stm32.9-2020-q2-update.win32_1.5.0.202011040924/tools/bin/../lib/gcc/arm-none-eabi/9.3.1/thumb/v7-m/nofp/crtbegin.o
[...]
Memory Configuration

Name             Origin             Length             Attributes
RAM              0x0000000020000000 0x0000000000005000 xrw
FLASH            0x0000000008000000 0x0000000000010000 xr
*default*        0x0000000000000000 0xffffffffffffffff

Linker script and memory map

LOAD d:/studia/stm32/ide/stm32cubeide_1.5.1/stm32cubeide/plugins/com.st.stm32cube.ide.mcu.externaltools.gnu-tools-for-stm32.9-2020-q2-update.win32_1.5.0.202011040924/tools/bin/../lib/gcc/arm-none-eabi/9.3.1/thumb/v7-m/nofp/crti.o
LOAD d:/studia/stm32/ide/stm32cubeide_1.5.1/stm32cubeide/plugins/com.st.stm32cube.ide.mcu.externaltools.gnu-tools-for-stm32.9-2020-q2-update.win32_1.5.0.202011040924/tools/bin/../lib/gcc/arm-none-eabi/9.3.1/thumb/v7-m/nofp/crtbegin.o
LOAD d:/studia/stm32/ide/stm32cubeide_1.5.1/stm32cubeide/plugins/com.st.stm32cube.ide.mcu.externaltools.gnu-tools-for-stm32.9-2020-q2-update.win32_1.5.0.202011040924/tools/bin/../lib/gcc/arm-none-eabi/9.3.1/../../../../arm-none-eabi/lib/thumb/v7-m/nofp/crt0.o
LOAD App/Src/led.o
LOAD App/Src/my_main.o
LOAD Core/Src/gpio.o
LOAD Core/Src/main.o
LOAD Core/Src/stm32f1xx_hal_msp.o
LOAD Core/Src/stm32f1xx_it.o
LOAD Core/Src/syscalls.o
LOAD Core/Src/sysmem.o
LOAD Core/Src/system_stm32f1xx.o
LOAD Core/Startup/startup_stm32f103c8tx.o
LOAD Drivers/STM32F1xx_HAL_Driver/Src/stm32f1xx_hal.o
LOAD Drivers/STM32F1xx_HAL_Driver/Src/stm32f1xx_hal_cortex.o
LOAD Drivers/STM32F1xx_HAL_Driver/Src/stm32f1xx_hal_dma.o
LOAD Drivers/STM32F1xx_HAL_Driver/Src/stm32f1xx_hal_exti.o
LOAD Drivers/STM32F1xx_HAL_Driver/Src/stm32f1xx_hal_flash.o
LOAD Drivers/STM32F1xx_HAL_Driver/Src/stm32f1xx_hal_flash_ex.o
LOAD Drivers/STM32F1xx_HAL_Driver/Src/stm32f1xx_hal_gpio.o
LOAD Drivers/STM32F1xx_HAL_Driver/Src/stm32f1xx_hal_gpio_ex.o
LOAD Drivers/STM32F1xx_HAL_Driver/Src/stm32f1xx_hal_pcd.o
LOAD Drivers/STM32F1xx_HAL_Driver/Src/stm32f1xx_hal_pcd_ex.o
LOAD Drivers/STM32F1xx_HAL_Driver/Src/stm32f1xx_hal_pwr.o
LOAD Drivers/STM32F1xx_HAL_Driver/Src/stm32f1xx_hal_rcc.o
LOAD Drivers/STM32F1xx_HAL_Driver/Src/stm32f1xx_hal_rcc_ex.o
LOAD Drivers/STM32F1xx_HAL_Driver/Src/stm32f1xx_hal_tim.o
LOAD Drivers/STM32F1xx_HAL_Driver/Src/stm32f1xx_hal_tim_ex.o
LOAD Drivers/STM32F1xx_HAL_Driver/Src/stm32f1xx_ll_usb.o
LOAD Middlewares/ST/STM32_USB_Device_Library/Class/CDC/Src/usbd_cdc.o
LOAD Middlewares/ST/STM32_USB_Device_Library/Core/Src/usbd_core.o
LOAD Middlewares/ST/STM32_USB_Device_Library/Core/Src/usbd_ctlreq.o
LOAD Middlewares/ST/STM32_USB_Device_Library/Core/Src/usbd_ioreq.o
LOAD USB_DEVICE/App/usb_device.o
LOAD USB_DEVICE/App/usbd_cdc_if.o
LOAD USB_DEVICE/App/usbd_desc.o
LOAD USB_DEVICE/Target/usbd_conf.o
START GROUP
LOAD d:/studia/stm32/ide/stm32cubeide_1.5.1/stm32cubeide/plugins/com.st.stm32cube.ide.mcu.externaltools.gnu-tools-for-stm32.9-2020-q2-update.win32_1.5.0.202011040924/tools/bin/../lib/gcc/arm-none-eabi/9.3.1/../../../../arm-none-eabi/lib/thumb/v7-m/nofp\libc_nano.a
LOAD d:/studia/stm32/ide/stm32cubeide_1.5.1/stm32cubeide/plugins/com.st.stm32cube.ide.mcu.externaltools.gnu-tools-for-stm32.9-2020-q2-update.win32_1.5.0.202011040924/tools/bin/../lib/gcc/arm-none-eabi/9.3.1/../../../../arm-none-eabi/lib/thumb/v7-m/nofp\libm.a
END GROUP
START GROUP
LOAD d:/studia/stm32/ide/stm32cubeide_1.5.1/stm32cubeide/plugins/com.st.stm32cube.ide.mcu.externaltools.gnu-tools-for-stm32.9-2020-q2-update.win32_1.5.0.202011040924/tools/bin/../lib/gcc/arm-none-eabi/9.3.1/thumb/v7-m/nofp\libgcc.a
LOAD d:/studia/stm32/ide/stm32cubeide_1.5.1/stm32cubeide/plugins/com.st.stm32cube.ide.mcu.externaltools.gnu-tools-for-stm32.9-2020-q2-update.win32_1.5.0.202011040924/tools/bin/../lib/gcc/arm-none-eabi/9.3.1/../../../../arm-none-eabi/lib/thumb/v7-m/nofp\libc_nano.a
END GROUP
START GROUP
LOAD d:/studia/stm32/ide/stm32cubeide_1.5.1/stm32cubeide/plugins/com.st.stm32cube.ide.mcu.externaltools.gnu-tools-for-stm32.9-2020-q2-update.win32_1.5.0.202011040924/tools/bin/../lib/gcc/arm-none-eabi/9.3.1/thumb/v7-m/nofp\libgcc.a
LOAD d:/studia/stm32/ide/stm32cubeide_1.5.1/stm32cubeide/plugins/com.st.stm32cube.ide.mcu.externaltools.gnu-tools-for-stm32.9-2020-q2-update.win32_1.5.0.202011040924/tools/bin/../lib/gcc/arm-none-eabi/9.3.1/../../../../arm-none-eabi/lib/thumb/v7-m/nofp\libc_nano.a
LOAD d:/studia/stm32/ide/stm32cubeide_1.5.1/stm32cubeide/plugins/com.st.stm32cube.ide.mcu.externaltools.gnu-tools-for-stm32.9-2020-q2-update.win32_1.5.0.202011040924/tools/bin/../lib/gcc/arm-none-eabi/9.3.1/../../../../arm-none-eabi/lib/thumb/v7-m/nofp\libnosys.a
END GROUP
START GROUP
LOAD d:/studia/stm32/ide/stm32cubeide_1.5.1/stm32cubeide/plugins/com.st.stm32cube.ide.mcu.externaltools.gnu-tools-for-stm32.9-2020-q2-update.win32_1.5.0.202011040924/tools/bin/../lib/gcc/arm-none-eabi/9.3.1/thumb/v7-m/nofp\libgcc.a
LOAD d:/studia/stm32/ide/stm32cubeide_1.5.1/stm32cubeide/plugins/com.st.stm32cube.ide.mcu.externaltools.gnu-tools-for-stm32.9-2020-q2-update.win32_1.5.0.202011040924/tools/bin/../lib/gcc/arm-none-eabi/9.3.1/../../../../arm-none-eabi/lib/thumb/v7-m/nofp\libc_nano.a
LOAD d:/studia/stm32/ide/stm32cubeide_1.5.1/stm32cubeide/plugins/com.st.stm32cube.ide.mcu.externaltools.gnu-tools-for-stm32.9-2020-q2-update.win32_1.5.0.202011040924/tools/bin/../lib/gcc/arm-none-eabi/9.3.1/../../../../arm-none-eabi/lib/thumb/v7-m/nofp\libnosys.a
END GROUP
LOAD d:/studia/stm32/ide/stm32cubeide_1.5.1/stm32cubeide/plugins/com.st.stm32cube.ide.mcu.externaltools.gnu-tools-for-stm32.9-2020-q2-update.win32_1.5.0.202011040924/tools/bin/../lib/gcc/arm-none-eabi/9.3.1/thumb/v7-m/nofp/crtend.o
LOAD d:/studia/stm32/ide/stm32cubeide_1.5.1/stm32cubeide/plugins/com.st.stm32cube.ide.mcu.externaltools.gnu-tools-for-stm32.9-2020-q2-update.win32_1.5.0.202011040924/tools/bin/../lib/gcc/arm-none-eabi/9.3.1/thumb/v7-m/nofp/crtn.o
                0x0000000020005000                _estack = (ORIGIN (RAM) + LENGTH (RAM))
                0x0000000000000200                _Min_Heap_Size = 0x200
                0x0000000000000400                _Min_Stack_Size = 0x400

.isr_vector     0x0000000008000000      0x10c
                0x0000000008000000                . = ALIGN (0x4)
 *(.isr_vector)
 .isr_vector    0x0000000008000000      0x10c Core/Startup/startup_stm32f103c8tx.o
                0x0000000008000000                g_pfnVectors
                0x000000000800010c                . = ALIGN (0x4)

.text           0x000000000800010c     0x7248
                0x000000000800010c                . = ALIGN (0x4)
 *(.text)
 .text          0x000000000800010c       0x40 d:/studia/stm32/ide/stm32cubeide_1.5.1/stm32cubeide/plugins/com.st.stm32cube.ide.mcu.externaltools.gnu-tools-for-stm32.9-2020-q2-update.win32_1.5.0.202011040924/tools/bin/../lib/gcc/arm-none-eabi/9.3.1/thumb/v7-m/nofp/crtbegin.o
 .text          0x000000000800014c       0x10 d:/studia/stm32/ide/stm32cubeide_1.5.1/stm32cubeide/plugins/com.st.stm32cube.ide.mcu.externaltools.gnu-tools-for-stm32.9-2020-q2-update.win32_1.5.0.202011040924/tools/bin/../lib/gcc/arm-none-eabi/9.3.1/../../../../arm-none-eabi/lib/thumb/v7-m/nofp\libc_nano.a(lib_a-strlen.o)
                0x000000000800014c                strlen
 *(.text*)
 .text.led_toggle
                0x000000000800015c       0x18 App/Src/led.o
                0x000000000800015c                led_toggle
 .text.my_main_run
                0x0000000008000174       0x30 App/Src/my_main.o
                0x0000000008000174                my_main_run
 .text.MX_GPIO_Init
                0x00000000080001a4       0x98 Core/Src/gpio.o
                0x00000000080001a4                MX_GPIO_Init
 .text.main     0x000000000800023c       0x1a Core/Src/main.o
                0x000000000800023c                main
 .text.SystemClock_Config
                0x0000000008000256       0xb6 Core/Src/main.o
                0x0000000008000256                SystemClock_Config
 .text.Error_Handler
                0x000000000800030c        0xa Core/Src/main.o
                0x000000000800030c                Error_Handler
 *fill*         0x0000000008000316        0x2 
 .text.HAL_MspInit
                0x0000000008000318       0x64 Core/Src/stm32f1xx_hal_msp.o
                0x0000000008000318                HAL_MspInit
 .text.NMI_Handler
                0x000000000800037c        0x6 Core/Src/stm32f1xx_it.o
                0x000000000800037c                NMI_Handler
 .text.HardFault_Handler
                0x0000000008000382        0x6 Core/Src/stm32f1xx_it.o
                0x0000000008000382                HardFault_Handler
 .text.MemManage_Handler
                0x0000000008000388        0x6 Core/Src/stm32f1xx_it.o
                0x0000000008000388                MemManage_Handler
 .text.BusFault_Handler
                0x000000000800038e        0x6 Core/Src/stm32f1xx_it.o
                0x000000000800038e                BusFault_Handler
 .text.UsageFault_Handler
                0x0000000008000394        0x6 Core/Src/stm32f1xx_it.o
                0x0000000008000394                UsageFault_Handler
 .text.SVC_Handler
                0x000000000800039a        0xc Core/Src/stm32f1xx_it.o
                0x000000000800039a                SVC_Handler
 .text.DebugMon_Handler
                0x00000000080003a6        0xc Core/Src/stm32f1xx_it.o
                0x00000000080003a6                DebugMon_Handler
 .text.PendSV_Handler
                0x00000000080003b2        0xc Core/Src/stm32f1xx_it.o
                0x00000000080003b2                PendSV_Handler
 .text.SysTick_Handler
                0x00000000080003be        0xc Core/Src/stm32f1xx_it.o
                0x00000000080003be                SysTick_Handler
 *fill*         0x00000000080003ca        0x2 
 .text.USB_HP_CAN1_TX_IRQHandler
                0x00000000080003cc       0x14 Core/Src/stm32f1xx_it.o
                0x00000000080003cc                USB_HP_CAN1_TX_IRQHandler
 .text.USB_LP_CAN1_RX0_IRQHandler
                0x00000000080003e0       0x14 Core/Src/stm32f1xx_it.o
                0x00000000080003e0                USB_LP_CAN1_RX0_IRQHandler
 .text.SystemInit
                0x00000000080003f4        0xc Core/Src/system_stm32f1xx.o
                0x00000000080003f4                SystemInit
 .text.Reset_Handler
                0x0000000008000400       0x48 Core/Startup/startup_stm32f103c8tx.o
                0x0000000008000400                Reset_Handler
 .text.Default_Handler
                0x0000000008000448        0x2 Core/Startup/startup_stm32f103c8tx.o
                0x0000000008000448                RTC_Alarm_IRQHandler
                0x0000000008000448                EXTI2_IRQHandler
                0x0000000008000448                TIM1_CC_IRQHandler
                0x0000000008000448                PVD_IRQHandler
                0x0000000008000448                EXTI3_IRQHandler
                0x0000000008000448                EXTI0_IRQHandler
                0x0000000008000448                I2C2_EV_IRQHandler
                0x0000000008000448                ADC1_2_IRQHandler
                0x0000000008000448                SPI1_IRQHandler
                0x0000000008000448                TAMPER_IRQHandler
                0x0000000008000448                DMA1_Channel4_IRQHandler
                0x0000000008000448                USART3_IRQHandler
                0x0000000008000448                RTC_IRQHandler
                0x0000000008000448                DMA1_Channel7_IRQHandler
                0x0000000008000448                CAN1_RX1_IRQHandler
                0x0000000008000448                TIM4_IRQHandler
                0x0000000008000448                I2C1_EV_IRQHandler
                0x0000000008000448                DMA1_Channel6_IRQHandler
                0x0000000008000448                TIM3_IRQHandler
                0x0000000008000448                RCC_IRQHandler
                0x0000000008000448                TIM1_TRG_COM_IRQHandler
                0x0000000008000448                DMA1_Channel1_IRQHandler
                0x0000000008000448                Default_Handler
                0x0000000008000448                EXTI15_10_IRQHandler
                0x0000000008000448                EXTI9_5_IRQHandler
                0x0000000008000448                SPI2_IRQHandler
                0x0000000008000448                DMA1_Channel5_IRQHandler
                0x0000000008000448                EXTI4_IRQHandler
                0x0000000008000448                DMA1_Channel3_IRQHandler
                0x0000000008000448                TIM1_UP_IRQHandler
                0x0000000008000448                WWDG_IRQHandler
                0x0000000008000448                TIM2_IRQHandler
                0x0000000008000448                TIM1_BRK_IRQHandler
                0x0000000008000448                EXTI1_IRQHandler
                0x0000000008000448                USART2_IRQHandler
                0x0000000008000448                I2C2_ER_IRQHandler
                0x0000000008000448                DMA1_Channel2_IRQHandler
                0x0000000008000448                CAN1_SCE_IRQHandler
                0x0000000008000448                FLASH_IRQHandler
                0x0000000008000448                USART1_IRQHandler
                0x0000000008000448                I2C1_ER_IRQHandler
                0x0000000008000448                USBWakeUp_IRQHandler
 *fill*         0x000000000800044a        0x2 
 .text.HAL_Init
                0x000000000800044c       0x2c Drivers/STM32F1xx_HAL_Driver/Src/stm32f1xx_hal.o
                0x000000000800044c                HAL_Init
 .text.HAL_InitTick
                0x0000000008000478       0x60 Drivers/STM32F1xx_HAL_Driver/Src/stm32f1xx_hal.o
                0x0000000008000478                HAL_InitTick
 .text.HAL_IncTick
                0x00000000080004d8       0x24 Drivers/STM32F1xx_HAL_Driver/Src/stm32f1xx_hal.o
                0x00000000080004d8                HAL_IncTick
 .text.HAL_GetTick
                0x00000000080004fc       0x14 Drivers/STM32F1xx_HAL_Driver/Src/stm32f1xx_hal.o
                0x00000000080004fc                HAL_GetTick
 .text.HAL_Delay
                0x0000000008000510       0x48 Drivers/STM32F1xx_HAL_Driver/Src/stm32f1xx_hal.o
                0x0000000008000510                HAL_Delay
 .text.__NVIC_SetPriorityGrouping
                0x0000000008000558       0x48 Drivers/STM32F1xx_HAL_Driver/Src/stm32f1xx_hal_cortex.o
 .text.__NVIC_GetPriorityGrouping
                0x00000000080005a0       0x1c Drivers/STM32F1xx_HAL_Driver/Src/stm32f1xx_hal_cortex.o
 .text.__NVIC_EnableIRQ
                0x00000000080005bc       0x38 Drivers/STM32F1xx_HAL_Driver/Src/stm32f1xx_hal_cortex.o
 .text.__NVIC_SetPriority
                0x00000000080005f4       0x54 Drivers/STM32F1xx_HAL_Driver/Src/stm32f1xx_hal_cortex.o
 .text.NVIC_EncodePriority
                0x0000000008000648       0x64 Drivers/STM32F1xx_HAL_Driver/Src/stm32f1xx_hal_cortex.o
 .text.SysTick_Config
                0x00000000080006ac       0x44 Drivers/STM32F1xx_HAL_Driver/Src/stm32f1xx_hal_cortex.o
 .text.HAL_NVIC_SetPriorityGrouping
                0x00000000080006f0       0x16 Drivers/STM32F1xx_HAL_Driver/Src/stm32f1xx_hal_cortex.o
                0x00000000080006f0                HAL_NVIC_SetPriorityGrouping
 .text.HAL_NVIC_SetPriority
                0x0000000008000706       0x38 Drivers/STM32F1xx_HAL_Driver/Src/stm32f1xx_hal_cortex.o
                0x0000000008000706                HAL_NVIC_SetPriority
 .text.HAL_NVIC_EnableIRQ
                0x000000000800073e       0x1c Drivers/STM32F1xx_HAL_Driver/Src/stm32f1xx_hal_cortex.o
                0x000000000800073e                HAL_NVIC_EnableIRQ
 .text.HAL_SYSTICK_Config
                0x000000000800075a       0x18 Drivers/STM32F1xx_HAL_Driver/Src/stm32f1xx_hal_cortex.o
                0x000000000800075a                HAL_SYSTICK_Config
 *fill*         0x0000000008000772        0x2 
 .text.HAL_GPIO_Init
                0x0000000008000774      0x308 Drivers/STM32F1xx_HAL_Driver/Src/stm32f1xx_hal_gpio.o
                0x0000000008000774                HAL_GPIO_Init
 .text.HAL_GPIO_WritePin
                0x0000000008000a7c       0x30 Drivers/STM32F1xx_HAL_Driver/Src/stm32f1xx_hal_gpio.o
                0x0000000008000a7c                HAL_GPIO_WritePin
 .text.HAL_GPIO_TogglePin
                0x0000000008000aac       0x32 Drivers/STM32F1xx_HAL_Driver/Src/stm32f1xx_hal_gpio.o
                0x0000000008000aac                HAL_GPIO_TogglePin
 .text.HAL_PCD_Init
                0x0000000008000ade      0x216 Drivers/STM32F1xx_HAL_Driver/Src/stm32f1xx_hal_pcd.o
                0x0000000008000ade                HAL_PCD_Init
 .text.HAL_PCD_Start
                0x0000000008000cf4       0x4c Drivers/STM32F1xx_HAL_Driver/Src/stm32f1xx_hal_pcd.o
                0x0000000008000cf4                HAL_PCD_Start
 .text.HAL_PCD_IRQHandler
                0x0000000008000d40      0x2aa Drivers/STM32F1xx_HAL_Driver/Src/stm32f1xx_hal_pcd.o
                0x0000000008000d40                HAL_PCD_IRQHandler
 .text.HAL_PCD_SetAddress
                0x0000000008000fea       0x4a Drivers/STM32F1xx_HAL_Driver/Src/stm32f1xx_hal_pcd.o
                0x0000000008000fea                HAL_PCD_SetAddress
 .text.HAL_PCD_EP_Open
                0x0000000008001034       0xcc Drivers/STM32F1xx_HAL_Driver/Src/stm32f1xx_hal_pcd.o
                0x0000000008001034                HAL_PCD_EP_Open
 .text.HAL_PCD_EP_Close
                0x0000000008001100       0x90 Drivers/STM32F1xx_HAL_Driver/Src/stm32f1xx_hal_pcd.o
                0x0000000008001100                HAL_PCD_EP_Close
 .text.HAL_PCD_EP_Receive
                0x0000000008001190       0x7a Drivers/STM32F1xx_HAL_Driver/Src/stm32f1xx_hal_pcd.o
                0x0000000008001190                HAL_PCD_EP_Receive
 .text.HAL_PCD_EP_GetRxCount
                0x000000000800120a       0x2e Drivers/STM32F1xx_HAL_Driver/Src/stm32f1xx_hal_pcd.o
                0x000000000800120a                HAL_PCD_EP_GetRxCount
 .text.HAL_PCD_EP_Transmit
                0x0000000008001238       0x86 Drivers/STM32F1xx_HAL_Driver/Src/stm32f1xx_hal_pcd.o
                0x0000000008001238                HAL_PCD_EP_Transmit
 .text.HAL_PCD_EP_SetStall
                0x00000000080012be       0xc0 Drivers/STM32F1xx_HAL_Driver/Src/stm32f1xx_hal_pcd.o
                0x00000000080012be                HAL_PCD_EP_SetStall
 .text.HAL_PCD_EP_ClrStall
                0x000000000800137e       0xa8 Drivers/STM32F1xx_HAL_Driver/Src/stm32f1xx_hal_pcd.o
                0x000000000800137e                HAL_PCD_EP_ClrStall
 .text.PCD_EP_ISR_Handler
                0x0000000008001426      0x600 Drivers/STM32F1xx_HAL_Driver/Src/stm32f1xx_hal_pcd.o
 .text.HAL_PCD_EP_DB_Receive
                0x0000000008001a26      0x21a Drivers/STM32F1xx_HAL_Driver/Src/stm32f1xx_hal_pcd.o
 .text.HAL_PCD_EP_DB_Transmit
                0x0000000008001c40      0x7a4 Drivers/STM32F1xx_HAL_Driver/Src/stm32f1xx_hal_pcd.o
 .text.HAL_PCDEx_PMAConfig
                0x00000000080023e4       0x84 Drivers/STM32F1xx_HAL_Driver/Src/stm32f1xx_hal_pcd_ex.o
                0x00000000080023e4                HAL_PCDEx_PMAConfig
 .text.HAL_RCC_OscConfig
                0x0000000008002468      0x500 Drivers/STM32F1xx_HAL_Driver/Src/stm32f1xx_hal_rcc.o
                0x0000000008002468                HAL_RCC_OscConfig
 .text.HAL_RCC_ClockConfig
                0x0000000008002968      0x1d4 Drivers/STM32F1xx_HAL_Driver/Src/stm32f1xx_hal_rcc.o
                0x0000000008002968                HAL_RCC_ClockConfig
 .text.HAL_RCC_GetSysClockFreq
                0x0000000008002b3c       0xc0 Drivers/STM32F1xx_HAL_Driver/Src/stm32f1xx_hal_rcc.o
                0x0000000008002b3c                HAL_RCC_GetSysClockFreq
 .text.RCC_Delay
                0x0000000008002bfc       0x3c Drivers/STM32F1xx_HAL_Driver/Src/stm32f1xx_hal_rcc.o
 .text.HAL_RCCEx_PeriphCLKConfig
                0x0000000008002c38      0x16c Drivers/STM32F1xx_HAL_Driver/Src/stm32f1xx_hal_rcc_ex.o
                0x0000000008002c38                HAL_RCCEx_PeriphCLKConfig
 .text.USB_CoreInit
                0x0000000008002da4       0x20 Drivers/STM32F1xx_HAL_Driver/Src/stm32f1xx_ll_usb.o
                0x0000000008002da4                USB_CoreInit
 .text.USB_EnableGlobalInt
                0x0000000008002dc4       0x2c Drivers/STM32F1xx_HAL_Driver/Src/stm32f1xx_ll_usb.o
                0x0000000008002dc4                USB_EnableGlobalInt
 .text.USB_DisableGlobalInt
                0x0000000008002df0       0x34 Drivers/STM32F1xx_HAL_Driver/Src/stm32f1xx_ll_usb.o
                0x0000000008002df0                USB_DisableGlobalInt
 .text.USB_SetCurrentMode
                0x0000000008002e24       0x18 Drivers/STM32F1xx_HAL_Driver/Src/stm32f1xx_ll_usb.o
                0x0000000008002e24                USB_SetCurrentMode
 .text.USB_DevInit
                0x0000000008002e3c       0x40 Drivers/STM32F1xx_HAL_Driver/Src/stm32f1xx_ll_usb.o
                0x0000000008002e3c                USB_DevInit
 .text.USB_ActivateEndpoint
                0x0000000008002e7c      0x6d4 Drivers/STM32F1xx_HAL_Driver/Src/stm32f1xx_ll_usb.o
                0x0000000008002e7c                USB_ActivateEndpoint
 .text.USB_DeactivateEndpoint
                0x0000000008003550      0x3d8 Drivers/STM32F1xx_HAL_Driver/Src/stm32f1xx_ll_usb.o
                0x0000000008003550                USB_DeactivateEndpoint
 .text.USB_EPStartXfer
                0x0000000008003928     0x15ee Drivers/STM32F1xx_HAL_Driver/Src/stm32f1xx_ll_usb.o
                0x0000000008003928                USB_EPStartXfer
 .text.USB_EPSetStall
                0x0000000008004f16       0xa0 Drivers/STM32F1xx_HAL_Driver/Src/stm32f1xx_ll_usb.o
                0x0000000008004f16                USB_EPSetStall
 .text.USB_EPClearStall
                0x0000000008004fb6      0x15a Drivers/STM32F1xx_HAL_Driver/Src/stm32f1xx_ll_usb.o
                0x0000000008004fb6                USB_EPClearStall
 .text.USB_SetDevAddress
                0x0000000008005110       0x26 Drivers/STM32F1xx_HAL_Driver/Src/stm32f1xx_ll_usb.o
                0x0000000008005110                USB_SetDevAddress
 .text.USB_DevConnect
                0x0000000008005136       0x14 Drivers/STM32F1xx_HAL_Driver/Src/stm32f1xx_ll_usb.o
                0x0000000008005136                USB_DevConnect
 .text.USB_DevDisconnect
                0x000000000800514a       0x14 Drivers/STM32F1xx_HAL_Driver/Src/stm32f1xx_ll_usb.o
                0x000000000800514a                USB_DevDisconnect
 .text.USB_ReadInterrupts
                0x000000000800515e       0x1e Drivers/STM32F1xx_HAL_Driver/Src/stm32f1xx_ll_usb.o
                0x000000000800515e                USB_ReadInterrupts
 .text.USB_EP0_OutStart
                0x000000000800517c       0x16 Drivers/STM32F1xx_HAL_Driver/Src/stm32f1xx_ll_usb.o
                0x000000000800517c                USB_EP0_OutStart
 .text.USB_WritePMA
                0x0000000008005192       0x8a Drivers/STM32F1xx_HAL_Driver/Src/stm32f1xx_ll_usb.o
                0x0000000008005192                USB_WritePMA
 .text.USB_ReadPMA
                0x000000000800521c       0x9e Drivers/STM32F1xx_HAL_Driver/Src/stm32f1xx_ll_usb.o
                0x000000000800521c                USB_ReadPMA
 .text.USBD_CDC_Init
                0x00000000080052ba       0xf4 Middlewares/ST/STM32_USB_Device_Library/Class/CDC/Src/usbd_cdc.o
 .text.USBD_CDC_DeInit
                0x00000000080053ae       0x6e Middlewares/ST/STM32_USB_Device_Library/Class/CDC/Src/usbd_cdc.o
 .text.USBD_CDC_Setup
                0x000000000800541c      0x146 Middlewares/ST/STM32_USB_Device_Library/Class/CDC/Src/usbd_cdc.o
 .text.USBD_CDC_DataIn
                0x0000000008005562       0xa6 Middlewares/ST/STM32_USB_Device_Library/Class/CDC/Src/usbd_cdc.o
 .text.USBD_CDC_DataOut
                0x0000000008005608       0x56 Middlewares/ST/STM32_USB_Device_Library/Class/CDC/Src/usbd_cdc.o
 .text.USBD_CDC_EP0_RxReady
                0x000000000800565e       0x50 Middlewares/ST/STM32_USB_Device_Library/Class/CDC/Src/usbd_cdc.o
 *fill*         0x00000000080056ae        0x2 
 .text.USBD_CDC_GetFSCfgDesc
                0x00000000080056b0       0x20 Middlewares/ST/STM32_USB_Device_Library/Class/CDC/Src/usbd_cdc.o
 .text.USBD_CDC_GetHSCfgDesc
                0x00000000080056d0       0x20 Middlewares/ST/STM32_USB_Device_Library/Class/CDC/Src/usbd_cdc.o
 .text.USBD_CDC_GetOtherSpeedCfgDesc
                0x00000000080056f0       0x20 Middlewares/ST/STM32_USB_Device_Library/Class/CDC/Src/usbd_cdc.o
 .text.USBD_CDC_GetDeviceQualifierDescriptor
                0x0000000008005710       0x20 Middlewares/ST/STM32_USB_Device_Library/Class/CDC/Src/usbd_cdc.o
                0x0000000008005710                USBD_CDC_GetDeviceQualifierDescriptor
 .text.USBD_CDC_RegisterInterface
                0x0000000008005730       0x2c Middlewares/ST/STM32_USB_Device_Library/Class/CDC/Src/usbd_cdc.o
                0x0000000008005730                USBD_CDC_RegisterInterface
 .text.USBD_CDC_SetTxBuffer
                0x000000000800575c       0x32 Middlewares/ST/STM32_USB_Device_Library/Class/CDC/Src/usbd_cdc.o
                0x000000000800575c                USBD_CDC_SetTxBuffer
 .text.USBD_CDC_SetRxBuffer
                0x000000000800578e       0x26 Middlewares/ST/STM32_USB_Device_Library/Class/CDC/Src/usbd_cdc.o
                0x000000000800578e                USBD_CDC_SetRxBuffer
 .text.USBD_CDC_TransmitPacket
                0x00000000080057b4       0x5e Middlewares/ST/STM32_USB_Device_Library/Class/CDC/Src/usbd_cdc.o
                0x00000000080057b4                USBD_CDC_TransmitPacket
 .text.USBD_CDC_ReceivePacket
                0x0000000008005812       0x54 Middlewares/ST/STM32_USB_Device_Library/Class/CDC/Src/usbd_cdc.o
                0x0000000008005812                USBD_CDC_ReceivePacket
 .text.USBD_Init
                0x0000000008005866       0x56 Middlewares/ST/STM32_USB_Device_Library/Core/Src/usbd_core.o
                0x0000000008005866                USBD_Init
 .text.USBD_RegisterClass
                0x00000000080058bc       0x32 Middlewares/ST/STM32_USB_Device_Library/Core/Src/usbd_core.o
                0x00000000080058bc                USBD_RegisterClass
 .text.USBD_Start
                0x00000000080058ee       0x18 Middlewares/ST/STM32_USB_Device_Library/Core/Src/usbd_core.o
                0x00000000080058ee                USBD_Start
 .text.USBD_RunTestMode
                0x0000000008005906       0x14 Middlewares/ST/STM32_USB_Device_Library/Core/Src/usbd_core.o
                0x0000000008005906                USBD_RunTestMode
 .text.USBD_SetClassConfig
                0x000000000800591a       0x3e Middlewares/ST/STM32_USB_Device_Library/Core/Src/usbd_core.o
                0x000000000800591a                USBD_SetClassConfig
 .text.USBD_ClrClassConfig
                0x0000000008005958       0x26 Middlewares/ST/STM32_USB_Device_Library/Core/Src/usbd_core.o
                0x0000000008005958                USBD_ClrClassConfig
 .text.USBD_LL_SetupStage
                0x000000000800597e       0x9a Middlewares/ST/STM32_USB_Device_Library/Core/Src/usbd_core.o
                0x000000000800597e                USBD_LL_SetupStage
 .text.USBD_LL_DataOutStage
                0x0000000008005a18       0xe2 Middlewares/ST/STM32_USB_Device_Library/Core/Src/usbd_core.o
                0x0000000008005a18                USBD_LL_DataOutStage
 .text.USBD_LL_DataInStage
                0x0000000008005afa      0x14a Middlewares/ST/STM32_USB_Device_Library/Core/Src/usbd_core.o
                0x0000000008005afa                USBD_LL_DataInStage
 .text.USBD_LL_Reset
                0x0000000008005c44       0x82 Middlewares/ST/STM32_USB_Device_Library/Core/Src/usbd_core.o
                0x0000000008005c44                USBD_LL_Reset
 .text.USBD_LL_SetSpeed
                0x0000000008005cc6       0x1e Middlewares/ST/STM32_USB_Device_Library/Core/Src/usbd_core.o
                0x0000000008005cc6                USBD_LL_SetSpeed
 .text.USBD_LL_Suspend
                0x0000000008005ce4       0x28 Middlewares/ST/STM32_USB_Device_Library/Core/Src/usbd_core.o
                0x0000000008005ce4                USBD_LL_Suspend
 .text.USBD_LL_Resume
                0x0000000008005d0c       0x2a Middlewares/ST/STM32_USB_Device_Library/Core/Src/usbd_core.o
                0x0000000008005d0c                USBD_LL_Resume
 .text.USBD_LL_SOF
                0x0000000008005d36       0x34 Middlewares/ST/STM32_USB_Device_Library/Core/Src/usbd_core.o
                0x0000000008005d36                USBD_LL_SOF
 *fill*         0x0000000008005d6a        0x2 
 .text.USBD_StdDevReq
                0x0000000008005d6c       0xd4 Middlewares/ST/STM32_USB_Device_Library/Core/Src/usbd_ctlreq.o
                0x0000000008005d6c                USBD_StdDevReq
 .text.USBD_StdItfReq
                0x0000000008005e40       0x90 Middlewares/ST/STM32_USB_Device_Library/Core/Src/usbd_ctlreq.o
                0x0000000008005e40                USBD_StdItfReq
 .text.USBD_StdEPReq
                0x0000000008005ed0      0x2c6 Middlewares/ST/STM32_USB_Device_Library/Core/Src/usbd_ctlreq.o
                0x0000000008005ed0                USBD_StdEPReq
 *fill*         0x0000000008006196        0x2 
 .text.USBD_GetDescriptor
                0x0000000008006198      0x2d0 Middlewares/ST/STM32_USB_Device_Library/Core/Src/usbd_ctlreq.o
 .text.USBD_SetAddress
                0x0000000008006468       0x86 Middlewares/ST/STM32_USB_Device_Library/Core/Src/usbd_ctlreq.o
 *fill*         0x00000000080064ee        0x2 
 .text.USBD_SetConfig
                0x00000000080064f0      0x11c Middlewares/ST/STM32_USB_Device_Library/Core/Src/usbd_ctlreq.o
 .text.USBD_GetConfig
                0x000000000800660c       0x6a Middlewares/ST/STM32_USB_Device_Library/Core/Src/usbd_ctlreq.o
 .text.USBD_GetStatus
                0x0000000008006676       0x66 Middlewares/ST/STM32_USB_Device_Library/Core/Src/usbd_ctlreq.o
 .text.USBD_SetFeature
                0x00000000080066dc       0x28 Middlewares/ST/STM32_USB_Device_Library/Core/Src/usbd_ctlreq.o
 .text.USBD_ClrFeature
                0x0000000008006704       0x42 Middlewares/ST/STM32_USB_Device_Library/Core/Src/usbd_ctlreq.o
 .text.USBD_ParseSetupRequest
                0x0000000008006746       0x78 Middlewares/ST/STM32_USB_Device_Library/Core/Src/usbd_ctlreq.o
                0x0000000008006746                USBD_ParseSetupRequest
 .text.USBD_CtlError
                0x00000000080067be       0x22 Middlewares/ST/STM32_USB_Device_Library/Core/Src/usbd_ctlreq.o
                0x00000000080067be                USBD_CtlError
 .text.USBD_GetString
                0x00000000080067e0       0x84 Middlewares/ST/STM32_USB_Device_Library/Core/Src/usbd_ctlreq.o
                0x00000000080067e0                USBD_GetString
 .text.USBD_GetLen
                0x0000000008006864       0x2e Middlewares/ST/STM32_USB_Device_Library/Core/Src/usbd_ctlreq.o
 .text.USBD_CtlSendData
                0x0000000008006892       0x38 Middlewares/ST/STM32_USB_Device_Library/Core/Src/usbd_ioreq.o
                0x0000000008006892                USBD_CtlSendData
 .text.USBD_CtlContinueSendData
                0x00000000080068ca       0x24 Middlewares/ST/STM32_USB_Device_Library/Core/Src/usbd_ioreq.o
                0x00000000080068ca                USBD_CtlContinueSendData
 .text.USBD_CtlPrepareRx
                0x00000000080068ee       0x3c Middlewares/ST/STM32_USB_Device_Library/Core/Src/usbd_ioreq.o
                0x00000000080068ee                USBD_CtlPrepareRx
 .text.USBD_CtlContinueRx
                0x000000000800692a       0x24 Middlewares/ST/STM32_USB_Device_Library/Core/Src/usbd_ioreq.o
                0x000000000800692a                USBD_CtlContinueRx
 .text.USBD_CtlSendStatus
                0x000000000800694e       0x26 Middlewares/ST/STM32_USB_Device_Library/Core/Src/usbd_ioreq.o
                0x000000000800694e                USBD_CtlSendStatus
 .text.USBD_CtlReceiveStatus
                0x0000000008006974       0x26 Middlewares/ST/STM32_USB_Device_Library/Core/Src/usbd_ioreq.o
                0x0000000008006974                USBD_CtlReceiveStatus
 *fill*         0x000000000800699a        0x2 
 .text.MX_USB_DEVICE_Init
                0x000000000800699c       0x60 USB_DEVICE/App/usb_device.o
                0x000000000800699c                MX_USB_DEVICE_Init
 .text.CDC_Init_FS
                0x00000000080069fc       0x28 USB_DEVICE/App/usbd_cdc_if.o
 .text.CDC_DeInit_FS
                0x0000000008006a24        0xe USB_DEVICE/App/usbd_cdc_if.o
 *fill*         0x0000000008006a32        0x2 
 .text.CDC_Control_FS
                0x0000000008006a34       0xbc USB_DEVICE/App/usbd_cdc_if.o
 .text.CDC_Receive_FS
                0x0000000008006af0       0x28 USB_DEVICE/App/usbd_cdc_if.o
 .text.CDC_Transmit_FS
                0x0000000008006b18       0x4c USB_DEVICE/App/usbd_cdc_if.o
                0x0000000008006b18                CDC_Transmit_FS
 .text.USBD_FS_DeviceDescriptor
                0x0000000008006b64       0x24 USB_DEVICE/App/usbd_desc.o
                0x0000000008006b64                USBD_FS_DeviceDescriptor
 .text.USBD_FS_LangIDStrDescriptor
                0x0000000008006b88       0x24 USB_DEVICE/App/usbd_desc.o
                0x0000000008006b88                USBD_FS_LangIDStrDescriptor
 .text.USBD_FS_ProductStrDescriptor
                0x0000000008006bac       0x3c USB_DEVICE/App/usbd_desc.o
                0x0000000008006bac                USBD_FS_ProductStrDescriptor
 .text.USBD_FS_ManufacturerStrDescriptor
                0x0000000008006be8       0x28 USB_DEVICE/App/usbd_desc.o
                0x0000000008006be8                USBD_FS_ManufacturerStrDescriptor
 .text.USBD_FS_SerialStrDescriptor
                0x0000000008006c10       0x24 USB_DEVICE/App/usbd_desc.o
                0x0000000008006c10                USBD_FS_SerialStrDescriptor
 .text.USBD_FS_ConfigStrDescriptor
                0x0000000008006c34       0x3c USB_DEVICE/App/usbd_desc.o
                0x0000000008006c34                USBD_FS_ConfigStrDescriptor
 .text.USBD_FS_InterfaceStrDescriptor
                0x0000000008006c70       0x3c USB_DEVICE/App/usbd_desc.o
                0x0000000008006c70                USBD_FS_InterfaceStrDescriptor
 .text.Get_SerialNum
                0x0000000008006cac       0x58 USB_DEVICE/App/usbd_desc.o
 .text.IntToUnicode
                0x0000000008006d04       0x7c USB_DEVICE/App/usbd_desc.o
 .text.HAL_PCD_MspInit
                0x0000000008006d80       0x5c USB_DEVICE/Target/usbd_conf.o
                0x0000000008006d80                HAL_PCD_MspInit
 .text.HAL_PCD_SetupStageCallback
                0x0000000008006ddc       0x24 USB_DEVICE/Target/usbd_conf.o
                0x0000000008006ddc                HAL_PCD_SetupStageCallback
 .text.HAL_PCD_DataOutStageCallback
                0x0000000008006e00       0x36 USB_DEVICE/Target/usbd_conf.o
                0x0000000008006e00                HAL_PCD_DataOutStageCallback
 .text.HAL_PCD_DataInStageCallback
                0x0000000008006e36       0x34 USB_DEVICE/Target/usbd_conf.o
                0x0000000008006e36                HAL_PCD_DataInStageCallback
 .text.HAL_PCD_SOFCallback
                0x0000000008006e6a       0x1c USB_DEVICE/Target/usbd_conf.o
                0x0000000008006e6a                HAL_PCD_SOFCallback
 .text.HAL_PCD_ResetCallback
                0x0000000008006e86       0x3c USB_DEVICE/Target/usbd_conf.o
                0x0000000008006e86                HAL_PCD_ResetCallback
 *fill*         0x0000000008006ec2        0x2 
 .text.HAL_PCD_SuspendCallback
                0x0000000008006ec4       0x34 USB_DEVICE/Target/usbd_conf.o
                0x0000000008006ec4                HAL_PCD_SuspendCallback
 .text.HAL_PCD_ResumeCallback
                0x0000000008006ef8       0x1c USB_DEVICE/Target/usbd_conf.o
                0x0000000008006ef8                HAL_PCD_ResumeCallback
 .text.USBD_LL_Init
                0x0000000008006f14       0xb4 USB_DEVICE/Target/usbd_conf.o
                0x0000000008006f14                USBD_LL_Init
 .text.USBD_LL_Start
                0x0000000008006fc8       0x36 USB_DEVICE/Target/usbd_conf.o
                0x0000000008006fc8                USBD_LL_Start
 .text.USBD_LL_OpenEP
                0x0000000008006ffe       0x4c USB_DEVICE/Target/usbd_conf.o
                0x0000000008006ffe                USBD_LL_OpenEP
 .text.USBD_LL_CloseEP
                0x000000000800704a       0x3e USB_DEVICE/Target/usbd_conf.o
                0x000000000800704a                USBD_LL_CloseEP
 .text.USBD_LL_StallEP
                0x0000000008007088       0x3e USB_DEVICE/Target/usbd_conf.o
                0x0000000008007088                USBD_LL_StallEP
 .text.USBD_LL_ClearStallEP
                0x00000000080070c6       0x3e USB_DEVICE/Target/usbd_conf.o
                0x00000000080070c6                USBD_LL_ClearStallEP
 .text.USBD_LL_IsStallEP
                0x0000000008007104       0x58 USB_DEVICE/Target/usbd_conf.o
                0x0000000008007104                USBD_LL_IsStallEP
 .text.USBD_LL_SetUSBAddress
                0x000000000800715c       0x3e USB_DEVICE/Target/usbd_conf.o
                0x000000000800715c                USBD_LL_SetUSBAddress
 .text.USBD_LL_Transmit
                0x000000000800719a       0x46 USB_DEVICE/Target/usbd_conf.o
                0x000000000800719a                USBD_LL_Transmit
 .text.USBD_LL_PrepareReceive
                0x00000000080071e0       0x46 USB_DEVICE/Target/usbd_conf.o
                0x00000000080071e0                USBD_LL_PrepareReceive
 .text.USBD_LL_GetRxDataSize
                0x0000000008007226       0x26 USB_DEVICE/Target/usbd_conf.o
                0x0000000008007226                USBD_LL_GetRxDataSize
 .text.USBD_static_malloc
                0x000000000800724c       0x18 USB_DEVICE/Target/usbd_conf.o
                0x000000000800724c                USBD_static_malloc
 .text.USBD_static_free
                0x0000000008007264       0x12 USB_DEVICE/Target/usbd_conf.o
                0x0000000008007264                USBD_static_free
 .text.HAL_PCDEx_SetConnectionState
                0x0000000008007276       0x16 USB_DEVICE/Target/usbd_conf.o
                0x0000000008007276                HAL_PCDEx_SetConnectionState
 .text.USBD_Get_USB_Status
                0x000000000800728c       0x58 USB_DEVICE/Target/usbd_conf.o
 .text.__libc_init_array
                0x00000000080072e4       0x48 d:/studia/stm32/ide/stm32cubeide_1.5.1/stm32cubeide/plugins/com.st.stm32cube.ide.mcu.externaltools.gnu-tools-for-stm32.9-2020-q2-update.win32_1.5.0.202011040924/tools/bin/../lib/gcc/arm-none-eabi/9.3.1/../../../../arm-none-eabi/lib/thumb/v7-m/nofp\libc_nano.a(lib_a-init.o)
                0x00000000080072e4                __libc_init_array
 .text.memset   0x000000000800732c       0x10 d:/studia/stm32/ide/stm32cubeide_1.5.1/stm32cubeide/plugins/com.st.stm32cube.ide.mcu.externaltools.gnu-tools-for-stm32.9-2020-q2-update.win32_1.5.0.202011040924/tools/bin/../lib/gcc/arm-none-eabi/9.3.1/../../../../arm-none-eabi/lib/thumb/v7-m/nofp\libc_nano.a(lib_a-memset.o)
                0x000000000800732c                memset
 *(.glue_7)
 .glue_7        0x000000000800733c        0x0 linker stubs
 *(.glue_7t)
 .glue_7t       0x000000000800733c        0x0 linker stubs
 *(.eh_frame)
 .eh_frame      0x000000000800733c        0x0 d:/studia/stm32/ide/stm32cubeide_1.5.1/stm32cubeide/plugins/com.st.stm32cube.ide.mcu.externaltools.gnu-tools-for-stm32.9-2020-q2-update.win32_1.5.0.202011040924/tools/bin/../lib/gcc/arm-none-eabi/9.3.1/thumb/v7-m/nofp/crtbegin.o
 *(.init)
 .init          0x000000000800733c        0x4 d:/studia/stm32/ide/stm32cubeide_1.5.1/stm32cubeide/plugins/com.st.stm32cube.ide.mcu.externaltools.gnu-tools-for-stm32.9-2020-q2-update.win32_1.5.0.202011040924/tools/bin/../lib/gcc/arm-none-eabi/9.3.1/thumb/v7-m/nofp/crti.o
                0x000000000800733c                _init
 .init          0x0000000008007340        0x8 d:/studia/stm32/ide/stm32cubeide_1.5.1/stm32cubeide/plugins/com.st.stm32cube.ide.mcu.externaltools.gnu-tools-for-stm32.9-2020-q2-update.win32_1.5.0.202011040924/tools/bin/../lib/gcc/arm-none-eabi/9.3.1/thumb/v7-m/nofp/crtn.o
 *(.fini)
 .fini          0x0000000008007348        0x4 d:/studia/stm32/ide/stm32cubeide_1.5.1/stm32cubeide/plugins/com.st.stm32cube.ide.mcu.externaltools.gnu-tools-for-stm32.9-2020-q2-update.win32_1.5.0.202011040924/tools/bin/../lib/gcc/arm-none-eabi/9.3.1/thumb/v7-m/nofp/crti.o
                0x0000000008007348                _fini
 .fini          0x000000000800734c        0x8 d:/studia/stm32/ide/stm32cubeide_1.5.1/stm32cubeide/plugins/com.st.stm32cube.ide.mcu.externaltools.gnu-tools-for-stm32.9-2020-q2-update.win32_1.5.0.202011040924/tools/bin/../lib/gcc/arm-none-eabi/9.3.1/thumb/v7-m/nofp/crtn.o
                0x0000000008007354                . = ALIGN (0x4)
                0x0000000008007354                _etext = .

.vfp11_veneer   0x0000000008007354        0x0
 .vfp11_veneer  0x0000000008007354        0x0 linker stubs

.v4_bx          0x0000000008007354        0x0
 .v4_bx         0x0000000008007354        0x0 linker stubs

.iplt           0x0000000008007354        0x0
 .iplt          0x0000000008007354        0x0 d:/studia/stm32/ide/stm32cubeide_1.5.1/stm32cubeide/plugins/com.st.stm32cube.ide.mcu.externaltools.gnu-tools-for-stm32.9-2020-q2-update.win32_1.5.0.202011040924/tools/bin/../lib/gcc/arm-none-eabi/9.3.1/thumb/v7-m/nofp/crtbegin.o

.rodata         0x0000000008007354       0x78
                0x0000000008007354                . = ALIGN (0x4)
 *(.rodata)
 .rodata        0x0000000008007354       0x1b App/Src/my_main.o
 *fill*         0x000000000800736f        0x1 
 .rodata        0x0000000008007370       0x10 Drivers/STM32F1xx_HAL_Driver/Src/stm32f1xx_hal_rcc.o
 .rodata        0x0000000008007380       0x3a USB_DEVICE/App/usbd_desc.o
 *(.rodata*)
 *fill*         0x00000000080073ba        0x2 
 .rodata.AHBPrescTable
                0x00000000080073bc       0x10 Core/Src/system_stm32f1xx.o
                0x00000000080073bc                AHBPrescTable
                0x00000000080073cc                . = ALIGN (0x4)

.rel.dyn        0x00000000080073cc        0x0
 .rel.iplt      0x00000000080073cc        0x0 d:/studia/stm32/ide/stm32cubeide_1.5.1/stm32cubeide/plugins/com.st.stm32cube.ide.mcu.externaltools.gnu-tools-for-stm32.9-2020-q2-update.win32_1.5.0.202011040924/tools/bin/../lib/gcc/arm-none-eabi/9.3.1/thumb/v7-m/nofp/crtbegin.o

.ARM.extab      0x00000000080073cc        0x0
                0x00000000080073cc                . = ALIGN (0x4)
 *(.ARM.extab* .gnu.linkonce.armextab.*)
                0x00000000080073cc                . = ALIGN (0x4)

.ARM            0x00000000080073cc        0x0
                0x00000000080073cc                . = ALIGN (0x4)
                0x00000000080073cc                __exidx_start = .
 *(.ARM.exidx*)
                0x00000000080073cc                __exidx_end = .
                0x00000000080073cc                . = ALIGN (0x4)

.preinit_array  0x00000000080073cc        0x0
                0x00000000080073cc                . = ALIGN (0x4)
                0x00000000080073cc                PROVIDE (__preinit_array_start = .)
 *(.preinit_array*)
                0x00000000080073cc                PROVIDE (__preinit_array_end = .)
                0x00000000080073cc                . = ALIGN (0x4)

.init_array     0x00000000080073cc        0x4
                0x00000000080073cc                . = ALIGN (0x4)
                0x00000000080073cc                PROVIDE (__init_array_start = .)
 *(SORT_BY_NAME(.init_array.*))
 *(.init_array*)
 .init_array    0x00000000080073cc        0x4 d:/studia/stm32/ide/stm32cubeide_1.5.1/stm32cubeide/plugins/com.st.stm32cube.ide.mcu.externaltools.gnu-tools-for-stm32.9-2020-q2-update.win32_1.5.0.202011040924/tools/bin/../lib/gcc/arm-none-eabi/9.3.1/thumb/v7-m/nofp/crtbegin.o
                0x00000000080073d0                PROVIDE (__init_array_end = .)
                0x00000000080073d0                . = ALIGN (0x4)

.fini_array     0x00000000080073d0        0x4
                0x00000000080073d0                . = ALIGN (0x4)
                [!provide]                        PROVIDE (__fini_array_start = .)
 *(SORT_BY_NAME(.fini_array.*))
 *(.fini_array*)
 .fini_array    0x00000000080073d0        0x4 d:/studia/stm32/ide/stm32cubeide_1.5.1/stm32cubeide/plugins/com.st.stm32cube.ide.mcu.externaltools.gnu-tools-for-stm32.9-2020-q2-update.win32_1.5.0.202011040924/tools/bin/../lib/gcc/arm-none-eabi/9.3.1/thumb/v7-m/nofp/crtbegin.o
                [!provide]                        PROVIDE (__fini_array_end = .)
                0x00000000080073d4                . = ALIGN (0x4)
                0x00000000080073d4                _sidata = LOADADDR (.data)

.data           0x0000000020000000      0x180 load address 0x00000000080073d4
                0x0000000020000000                . = ALIGN (0x4)
                0x0000000020000000                _sdata = .
 *(.data)
 *(.data*)
 .data.data     0x0000000020000000        0x4 App/Src/my_main.o
                0x0000000020000000                data
 .data.SystemCoreClock
                0x0000000020000004        0x4 Core/Src/system_stm32f1xx.o
                0x0000000020000004                SystemCoreClock
 .data.uwTickPrio
                0x0000000020000008        0x4 Drivers/STM32F1xx_HAL_Driver/Src/stm32f1xx_hal.o
                0x0000000020000008                uwTickPrio
 .data.uwTickFreq
                0x000000002000000c        0x1 Drivers/STM32F1xx_HAL_Driver/Src/stm32f1xx_hal.o
                0x000000002000000c                uwTickFreq
 *fill*         0x000000002000000d        0x3 
 .data.USBD_CDC_DeviceQualifierDesc
                0x0000000020000010        0xa Middlewares/ST/STM32_USB_Device_Library/Class/CDC/Src/usbd_cdc.o
 *fill*         0x000000002000001a        0x2 
 .data.USBD_CDC
                0x000000002000001c       0x38 Middlewares/ST/STM32_USB_Device_Library/Class/CDC/Src/usbd_cdc.o
                0x000000002000001c                USBD_CDC
 .data.USBD_CDC_CfgHSDesc
                0x0000000020000054       0x43 Middlewares/ST/STM32_USB_Device_Library/Class/CDC/Src/usbd_cdc.o
                0x0000000020000054                USBD_CDC_CfgHSDesc
 *fill*         0x0000000020000097        0x1 
 .data.USBD_CDC_CfgFSDesc
                0x0000000020000098       0x43 Middlewares/ST/STM32_USB_Device_Library/Class/CDC/Src/usbd_cdc.o
                0x0000000020000098                USBD_CDC_CfgFSDesc
 *fill*         0x00000000200000db        0x1 
 .data.USBD_CDC_OtherSpeedCfgDesc
                0x00000000200000dc       0x43 Middlewares/ST/STM32_USB_Device_Library/Class/CDC/Src/usbd_cdc.o
                0x00000000200000dc                USBD_CDC_OtherSpeedCfgDesc
 *fill*         0x000000002000011f        0x1 
 .data.USBD_Interface_fops_FS
                0x0000000020000120       0x10 USB_DEVICE/App/usbd_cdc_if.o
                0x0000000020000120                USBD_Interface_fops_FS
 .data.FS_Desc  0x0000000020000130       0x1c USB_DEVICE/App/usbd_desc.o
                0x0000000020000130                FS_Desc
 .data.USBD_FS_DeviceDesc
                0x000000002000014c       0x12 USB_DEVICE/App/usbd_desc.o
                0x000000002000014c                USBD_FS_DeviceDesc
 *fill*         0x000000002000015e        0x2 
 .data.USBD_LangIDDesc
                0x0000000020000160        0x4 USB_DEVICE/App/usbd_desc.o
                0x0000000020000160                USBD_LangIDDesc
 .data.USBD_StringSerial
                0x0000000020000164       0x1a USB_DEVICE/App/usbd_desc.o
                0x0000000020000164                USBD_StringSerial
 *(.RamFunc)
 *(.RamFunc*)
                0x0000000020000180                . = ALIGN (0x4)
 *fill*         0x000000002000017e        0x2 
                0x0000000020000180                _edata = .

.igot.plt       0x0000000020000180        0x0 load address 0x0000000008007554
 .igot.plt      0x0000000020000180        0x0 d:/studia/stm32/ide/stm32cubeide_1.5.1/stm32cubeide/plugins/com.st.stm32cube.ide.mcu.externaltools.gnu-tools-for-stm32.9-2020-q2-update.win32_1.5.0.202011040924/tools/bin/../lib/gcc/arm-none-eabi/9.3.1/thumb/v7-m/nofp/crtbegin.o
                0x0000000020000180                . = ALIGN (0x4)

.bss            0x0000000020000180     0x11c4 load address 0x0000000008007554
                0x0000000020000180                _sbss = .
                0x0000000020000180                __bss_start__ = _sbss
 *(.bss)
 .bss           0x0000000020000180       0x1c d:/studia/stm32/ide/stm32cubeide_1.5.1/stm32cubeide/plugins/com.st.stm32cube.ide.mcu.externaltools.gnu-tools-for-stm32.9-2020-q2-update.win32_1.5.0.202011040924/tools/bin/../lib/gcc/arm-none-eabi/9.3.1/thumb/v7-m/nofp/crtbegin.o
 *(.bss*)
 .bss.cfgidx.7702
                0x000000002000019c        0x1 Middlewares/ST/STM32_USB_Device_Library/Core/Src/usbd_ctlreq.o
 *fill*         0x000000002000019d        0x3 
 .bss.mem.7772  0x00000000200001a0      0x220 USB_DEVICE/Target/usbd_conf.o
 *(COMMON)
 COMMON         0x00000000200003c0        0x4 Drivers/STM32F1xx_HAL_Driver/Src/stm32f1xx_hal.o
                0x00000000200003c0                uwTick
 COMMON         0x00000000200003c4      0x2c4 USB_DEVICE/App/usb_device.o
                0x00000000200003c4                hUsbDeviceFS
 COMMON         0x0000000020000688      0x7d0 USB_DEVICE/App/usbd_cdc_if.o
                0x0000000020000688                UserRxBufferFS
                0x0000000020000a70                UserTxBufferFS
 COMMON         0x0000000020000e58      0x200 USB_DEVICE/App/usbd_desc.o
                0x0000000020000e58                USBD_StrDesc
 COMMON         0x0000000020001058      0x2ec USB_DEVICE/Target/usbd_conf.o
                0x0000000020001058                hpcd_USB_FS
                0x0000000020001344                . = ALIGN (0x4)
                0x0000000020001344                _ebss = .
                0x0000000020001344                __bss_end__ = _ebss

._user_heap_stack
                0x0000000020001344      0x604 load address 0x0000000008007554
                0x0000000020001348                . = ALIGN (0x8)
 *fill*         0x0000000020001344        0x4 
                [!provide]                        PROVIDE (end = .)
                0x0000000020001348                PROVIDE (_end = .)
                0x0000000020001548                . = (. + _Min_Heap_Size)
 *fill*         0x0000000020001348      0x200 
                0x0000000020001948                . = (. + _Min_Stack_Size)
 *fill*         0x0000000020001548      0x400 
                0x0000000020001948                . = ALIGN (0x8)

/DISCARD/
 libc.a(*)
 libm.a(*)
 libgcc.a(*)

.ARM.attributes
                0x0000000000000000       0x29
 *(.ARM.attributes)
 .ARM.attributes
                0x0000000000000000       0x1d d:/studia/stm32/ide/stm32cubeide_1.5.1/stm32cubeide/plugins/com.st.stm32cube.ide.mcu.externaltools.gnu-tools-for-stm32.9-2020-q2-update.win32_1.5.0.202011040924/tools/bin/../lib/gcc/arm-none-eabi/9.3.1/thumb/v7-m/nofp/crti.o
 .ARM.attributes
                0x000000000000001d       0x2d d:/studia/stm32/ide/stm32cubeide_1.5.1/stm32cubeide/plugins/com.st.stm32cube.ide.mcu.externaltools.gnu-tools-for-stm32.9-2020-q2-update.win32_1.5.0.202011040924/tools/bin/../lib/gcc/arm-none-eabi/9.3.1/thumb/v7-m/nofp/crtbegin.o
 .ARM.attributes
                0x000000000000004a       0x2d App/Src/led.o
 .ARM.attributes
                0x0000000000000077       0x2d App/Src/my_main.o
 .ARM.attributes
                0x00000000000000a4       0x2d Core/Src/gpio.o
 .ARM.attributes
                0x00000000000000d1       0x2d Core/Src/main.o
 .ARM.attributes
                0x00000000000000fe       0x2d Core/Src/stm32f1xx_hal_msp.o
 .ARM.attributes
                0x000000000000012b       0x2d Core/Src/stm32f1xx_it.o
 .ARM.attributes
                0x0000000000000158       0x2d Core/Src/system_stm32f1xx.o
 .ARM.attributes
                0x0000000000000185       0x21 Core/Startup/startup_stm32f103c8tx.o
 .ARM.attributes
                0x00000000000001a6       0x2d Drivers/STM32F1xx_HAL_Driver/Src/stm32f1xx_hal.o
 .ARM.attributes
                0x00000000000001d3       0x2d Drivers/STM32F1xx_HAL_Driver/Src/stm32f1xx_hal_cortex.o
 .ARM.attributes
                0x0000000000000200       0x2d Drivers/STM32F1xx_HAL_Driver/Src/stm32f1xx_hal_gpio.o
 .ARM.attributes
                0x000000000000022d       0x2d Drivers/STM32F1xx_HAL_Driver/Src/stm32f1xx_hal_pcd.o
 .ARM.attributes
                0x000000000000025a       0x2d Drivers/STM32F1xx_HAL_Driver/Src/stm32f1xx_hal_pcd_ex.o
 .ARM.attributes
                0x0000000000000287       0x2d Drivers/STM32F1xx_HAL_Driver/Src/stm32f1xx_hal_rcc.o
 .ARM.attributes
                0x00000000000002b4       0x2d Drivers/STM32F1xx_HAL_Driver/Src/stm32f1xx_hal_rcc_ex.o
 .ARM.attributes
                0x00000000000002e1       0x2d Drivers/STM32F1xx_HAL_Driver/Src/stm32f1xx_ll_usb.o
 .ARM.attributes
                0x000000000000030e       0x2d Middlewares/ST/STM32_USB_Device_Library/Class/CDC/Src/usbd_cdc.o
 .ARM.attributes
                0x000000000000033b       0x2d Middlewares/ST/STM32_USB_Device_Library/Core/Src/usbd_core.o
 .ARM.attributes
                0x0000000000000368       0x2d Middlewares/ST/STM32_USB_Device_Library/Core/Src/usbd_ctlreq.o
 .ARM.attributes
                0x0000000000000395       0x2d Middlewares/ST/STM32_USB_Device_Library/Core/Src/usbd_ioreq.o
 .ARM.attributes
                0x00000000000003c2       0x2d USB_DEVICE/App/usb_device.o
 .ARM.attributes
                0x00000000000003ef       0x2d USB_DEVICE/App/usbd_cdc_if.o
 .ARM.attributes
                0x000000000000041c       0x2d USB_DEVICE/App/usbd_desc.o
 .ARM.attributes
                0x0000000000000449       0x2d USB_DEVICE/Target/usbd_conf.o
 .ARM.attributes
                0x0000000000000476       0x2d d:/studia/stm32/ide/stm32cubeide_1.5.1/stm32cubeide/plugins/com.st.stm32cube.ide.mcu.externaltools.gnu-tools-for-stm32.9-2020-q2-update.win32_1.5.0.202011040924/tools/bin/../lib/gcc/arm-none-eabi/9.3.1/../../../../arm-none-eabi/lib/thumb/v7-m/nofp\libc_nano.a(lib_a-init.o)
 .ARM.attributes
                0x00000000000004a3       0x2d d:/studia/stm32/ide/stm32cubeide_1.5.1/stm32cubeide/plugins/com.st.stm32cube.ide.mcu.externaltools.gnu-tools-for-stm32.9-2020-q2-update.win32_1.5.0.202011040924/tools/bin/../lib/gcc/arm-none-eabi/9.3.1/../../../../arm-none-eabi/lib/thumb/v7-m/nofp\libc_nano.a(lib_a-memset.o)
 .ARM.attributes
                0x00000000000004d0       0x17 d:/studia/stm32/ide/stm32cubeide_1.5.1/stm32cubeide/plugins/com.st.stm32cube.ide.mcu.externaltools.gnu-tools-for-stm32.9-2020-q2-update.win32_1.5.0.202011040924/tools/bin/../lib/gcc/arm-none-eabi/9.3.1/../../../../arm-none-eabi/lib/thumb/v7-m/nofp\libc_nano.a(lib_a-strlen.o)
 .ARM.attributes
                0x00000000000004e7       0x1d d:/studia/stm32/ide/stm32cubeide_1.5.1/stm32cubeide/plugins/com.st.stm32cube.ide.mcu.externaltools.gnu-tools-for-stm32.9-2020-q2-update.win32_1.5.0.202011040924/tools/bin/../lib/gcc/arm-none-eabi/9.3.1/thumb/v7-m/nofp/crtn.o
OUTPUT(spi_device.elf elf32-littlearm)
LOAD linker stubs
LOAD d:/studia/stm32/ide/stm32cubeide_1.5.1/stm32cubeide/plugins/com.st.stm32cube.ide.mcu.externaltools.gnu-tools-for-stm32.9-2020-q2-update.win32_1.5.0.202011040924/tools/bin/../lib/gcc/arm-none-eabi/9.3.1/../../../../arm-none-eabi/lib/thumb/v7-m/nofp\libc.a
LOAD d:/studia/stm32/ide/stm32cubeide_1.5.1/stm32cubeide/plugins/com.st.stm32cube.ide.mcu.externaltools.gnu-tools-for-stm32.9-2020-q2-update.win32_1.5.0.202011040924/tools/bin/../lib/gcc/arm-none-eabi/9.3.1/../../../../arm-none-eabi/lib/thumb/v7-m/nofp\libm.a
LOAD d:/studia/stm32/ide/stm32cubeide_1.5.1/stm32cubeide/plugins/com.st.stm32cube.ide.mcu.externaltools.gnu-tools-for-stm32.9-2020-q2-update.win32_1.5.0.202011040924/tools/bin/../lib/gcc/arm-none-eabi/9.3.1/thumb/v7-m/nofp\libgcc.a

.debug_info     0x0000000000000000    0x12977
 .debug_info    0x0000000000000000      0x263 App/Src/led.o
 .debug_info    0x0000000000000263      0xf31 App/Src/my_main.o
 .debug_info    0x0000000000001194      0x38f Core/Src/gpio.o
 .debug_info    0x0000000000001523      0xc45 Core/Src/main.o
 .debug_info    0x0000000000002168      0x2fc Core/Src/stm32f1xx_hal_msp.o
 .debug_info    0x0000000000002464      0x725 Core/Src/stm32f1xx_it.o
 .debug_info    0x0000000000002b89      0x2be Core/Src/system_stm32f1xx.o
 .debug_info    0x0000000000002e47       0x22 Core/Startup/startup_stm32f103c8tx.o
 .debug_info    0x0000000000002e69      0x76a Drivers/STM32F1xx_HAL_Driver/Src/stm32f1xx_hal.o
 .debug_info    0x00000000000035d3      0xbdc Drivers/STM32F1xx_HAL_Driver/Src/stm32f1xx_hal_cortex.o
 .debug_info    0x00000000000041af      0x701 Drivers/STM32F1xx_HAL_Driver/Src/stm32f1xx_hal_gpio.o
 .debug_info    0x00000000000048b0     0x1509 Drivers/STM32F1xx_HAL_Driver/Src/stm32f1xx_hal_pcd.o
 .debug_info    0x0000000000005db9      0x7fc Drivers/STM32F1xx_HAL_Driver/Src/stm32f1xx_hal_pcd_ex.o
 .debug_info    0x00000000000065b5      0x88e Drivers/STM32F1xx_HAL_Driver/Src/stm32f1xx_hal_rcc.o
 .debug_info    0x0000000000006e43      0x480 Drivers/STM32F1xx_HAL_Driver/Src/stm32f1xx_hal_rcc_ex.o
 .debug_info    0x00000000000072c3     0x19e6 Drivers/STM32F1xx_HAL_Driver/Src/stm32f1xx_ll_usb.o
 .debug_info    0x0000000000008ca9     0x193a Middlewares/ST/STM32_USB_Device_Library/Class/CDC/Src/usbd_cdc.o
 .debug_info    0x000000000000a5e3     0x12ef Middlewares/ST/STM32_USB_Device_Library/Core/Src/usbd_core.o
 .debug_info    0x000000000000b8d2     0x125c Middlewares/ST/STM32_USB_Device_Library/Core/Src/usbd_ctlreq.o
 .debug_info    0x000000000000cb2e     0x102e Middlewares/ST/STM32_USB_Device_Library/Core/Src/usbd_ioreq.o
 .debug_info    0x000000000000db5c      0xf6b USB_DEVICE/App/usb_device.o
 .debug_info    0x000000000000eac7     0x1140 USB_DEVICE/App/usbd_cdc_if.o
 .debug_info    0x000000000000fc07      0xde8 USB_DEVICE/App/usbd_desc.o
 .debug_info    0x00000000000109ef     0x1f88 USB_DEVICE/Target/usbd_conf.o

.debug_abbrev   0x0000000000000000     0x308b
 .debug_abbrev  0x0000000000000000       0xf6 App/Src/led.o
 .debug_abbrev  0x00000000000000f6      0x1e2 App/Src/my_main.o
 .debug_abbrev  0x00000000000002d8      0x14e Core/Src/gpio.o
 .debug_abbrev  0x0000000000000426      0x233 Core/Src/main.o
 .debug_abbrev  0x0000000000000659      0x11d Core/Src/stm32f1xx_hal_msp.o
 .debug_abbrev  0x0000000000000776      0x173 Core/Src/stm32f1xx_it.o
 .debug_abbrev  0x00000000000008e9      0x14e Core/Src/system_stm32f1xx.o
 .debug_abbrev  0x0000000000000a37       0x12 Core/Startup/startup_stm32f103c8tx.o
 .debug_abbrev  0x0000000000000a49      0x1ed Drivers/STM32F1xx_HAL_Driver/Src/stm32f1xx_hal.o
 .debug_abbrev  0x0000000000000c36      0x313 Drivers/STM32F1xx_HAL_Driver/Src/stm32f1xx_hal_cortex.o
 .debug_abbrev  0x0000000000000f49      0x1e8 Drivers/STM32F1xx_HAL_Driver/Src/stm32f1xx_hal_gpio.o
 .debug_abbrev  0x0000000000001131      0x29e Drivers/STM32F1xx_HAL_Driver/Src/stm32f1xx_hal_pcd.o
 .debug_abbrev  0x00000000000013cf      0x1ac Drivers/STM32F1xx_HAL_Driver/Src/stm32f1xx_hal_pcd_ex.o
 .debug_abbrev  0x000000000000157b      0x273 Drivers/STM32F1xx_HAL_Driver/Src/stm32f1xx_hal_rcc.o
 .debug_abbrev  0x00000000000017ee      0x193 Drivers/STM32F1xx_HAL_Driver/Src/stm32f1xx_hal_rcc_ex.o
 .debug_abbrev  0x0000000000001981      0x1fa Drivers/STM32F1xx_HAL_Driver/Src/stm32f1xx_ll_usb.o
 .debug_abbrev  0x0000000000001b7b      0x2f6 Middlewares/ST/STM32_USB_Device_Library/Class/CDC/Src/usbd_cdc.o
 .debug_abbrev  0x0000000000001e71      0x2a8 Middlewares/ST/STM32_USB_Device_Library/Core/Src/usbd_core.o
 .debug_abbrev  0x0000000000002119      0x2de Middlewares/ST/STM32_USB_Device_Library/Core/Src/usbd_ctlreq.o
 .debug_abbrev  0x00000000000023f7      0x20a Middlewares/ST/STM32_USB_Device_Library/Core/Src/usbd_ioreq.o
 .debug_abbrev  0x0000000000002601      0x1e4 USB_DEVICE/App/usb_device.o
 .debug_abbrev  0x00000000000027e5      0x2bf USB_DEVICE/App/usbd_cdc_if.o
 .debug_abbrev  0x0000000000002aa4      0x2ca USB_DEVICE/App/usbd_desc.o
 .debug_abbrev  0x0000000000002d6e      0x31d USB_DEVICE/Target/usbd_conf.o

.debug_aranges  0x0000000000000000      0xad0
 .debug_aranges
                0x0000000000000000       0x30 App/Src/led.o
 .debug_aranges
                0x0000000000000030       0x20 App/Src/my_main.o
 .debug_aranges
                0x0000000000000050       0x20 Core/Src/gpio.o
 .debug_aranges
                0x0000000000000070       0x30 Core/Src/main.o
 .debug_aranges
                0x00000000000000a0       0x20 Core/Src/stm32f1xx_hal_msp.o
 .debug_aranges
                0x00000000000000c0       0x70 Core/Src/stm32f1xx_it.o
 .debug_aranges
                0x0000000000000130       0x28 Core/Src/system_stm32f1xx.o
 .debug_aranges
                0x0000000000000158       0x28 Core/Startup/startup_stm32f103c8tx.o
 .debug_aranges
                0x0000000000000180       0xe0 Drivers/STM32F1xx_HAL_Driver/Src/stm32f1xx_hal.o
 .debug_aranges
                0x0000000000000260      0x100 Drivers/STM32F1xx_HAL_Driver/Src/stm32f1xx_hal_cortex.o
 .debug_aranges
                0x0000000000000360       0x58 Drivers/STM32F1xx_HAL_Driver/Src/stm32f1xx_hal_gpio.o
 .debug_aranges
                0x00000000000003b8      0x138 Drivers/STM32F1xx_HAL_Driver/Src/stm32f1xx_hal_pcd.o
 .debug_aranges
                0x00000000000004f0       0x38 Drivers/STM32F1xx_HAL_Driver/Src/stm32f1xx_hal_pcd_ex.o
 .debug_aranges
                0x0000000000000528       0x90 Drivers/STM32F1xx_HAL_Driver/Src/stm32f1xx_hal_rcc.o
 .debug_aranges
                0x00000000000005b8       0x30 Drivers/STM32F1xx_HAL_Driver/Src/stm32f1xx_hal_rcc_ex.o
 .debug_aranges
                0x00000000000005e8       0xf0 Drivers/STM32F1xx_HAL_Driver/Src/stm32f1xx_ll_usb.o
 .debug_aranges
                0x00000000000006d8       0x90 Middlewares/ST/STM32_USB_Device_Library/Class/CDC/Src/usbd_cdc.o
 .debug_aranges
                0x0000000000000768       0xb8 Middlewares/ST/STM32_USB_Device_Library/Core/Src/usbd_core.o
 .debug_aranges
                0x0000000000000820       0x88 Middlewares/ST/STM32_USB_Device_Library/Core/Src/usbd_ctlreq.o
 .debug_aranges
                0x00000000000008a8       0x50 Middlewares/ST/STM32_USB_Device_Library/Core/Src/usbd_ioreq.o
 .debug_aranges
                0x00000000000008f8       0x20 USB_DEVICE/App/usb_device.o
 .debug_aranges
                0x0000000000000918       0x40 USB_DEVICE/App/usbd_cdc_if.o
 .debug_aranges
                0x0000000000000958       0x60 USB_DEVICE/App/usbd_desc.o
 .debug_aranges
                0x00000000000009b8      0x118 USB_DEVICE/Target/usbd_conf.o

.debug_ranges   0x0000000000000000      0x958
 .debug_ranges  0x0000000000000000       0x20 App/Src/led.o
 .debug_ranges  0x0000000000000020       0x10 App/Src/my_main.o
 .debug_ranges  0x0000000000000030       0x10 Core/Src/gpio.o
 .debug_ranges  0x0000000000000040       0x20 Core/Src/main.o
 .debug_ranges  0x0000000000000060       0x10 Core/Src/stm32f1xx_hal_msp.o
 .debug_ranges  0x0000000000000070       0x60 Core/Src/stm32f1xx_it.o
 .debug_ranges  0x00000000000000d0       0x18 Core/Src/system_stm32f1xx.o
 .debug_ranges  0x00000000000000e8       0x20 Core/Startup/startup_stm32f103c8tx.o
 .debug_ranges  0x0000000000000108       0xd0 Drivers/STM32F1xx_HAL_Driver/Src/stm32f1xx_hal.o
 .debug_ranges  0x00000000000001d8       0xf0 Drivers/STM32F1xx_HAL_Driver/Src/stm32f1xx_hal_cortex.o
 .debug_ranges  0x00000000000002c8       0x48 Drivers/STM32F1xx_HAL_Driver/Src/stm32f1xx_hal_gpio.o
 .debug_ranges  0x0000000000000310      0x128 Drivers/STM32F1xx_HAL_Driver/Src/stm32f1xx_hal_pcd.o
 .debug_ranges  0x0000000000000438       0x28 Drivers/STM32F1xx_HAL_Driver/Src/stm32f1xx_hal_pcd_ex.o
 .debug_ranges  0x0000000000000460       0x80 Drivers/STM32F1xx_HAL_Driver/Src/stm32f1xx_hal_rcc.o
 .debug_ranges  0x00000000000004e0       0x20 Drivers/STM32F1xx_HAL_Driver/Src/stm32f1xx_hal_rcc_ex.o
 .debug_ranges  0x0000000000000500       0xe0 Drivers/STM32F1xx_HAL_Driver/Src/stm32f1xx_ll_usb.o
 .debug_ranges  0x00000000000005e0       0x80 Middlewares/ST/STM32_USB_Device_Library/Class/CDC/Src/usbd_cdc.o
 .debug_ranges  0x0000000000000660       0xa8 Middlewares/ST/STM32_USB_Device_Library/Core/Src/usbd_core.o
 .debug_ranges  0x0000000000000708       0x78 Middlewares/ST/STM32_USB_Device_Library/Core/Src/usbd_ctlreq.o
 .debug_ranges  0x0000000000000780       0x40 Middlewares/ST/STM32_USB_Device_Library/Core/Src/usbd_ioreq.o
 .debug_ranges  0x00000000000007c0       0x10 USB_DEVICE/App/usb_device.o
 .debug_ranges  0x00000000000007d0       0x30 USB_DEVICE/App/usbd_cdc_if.o
 .debug_ranges  0x0000000000000800       0x50 USB_DEVICE/App/usbd_desc.o
 .debug_ranges  0x0000000000000850      0x108 USB_DEVICE/Target/usbd_conf.o

.debug_macro    0x0000000000000000    0x19e39
 .debug_macro   0x0000000000000000      0x1c1 App/Src/led.o
 .debug_macro   0x00000000000001c1      0xa9c App/Src/led.o
 .debug_macro   0x0000000000000c5d      0x215 App/Src/led.o
 .debug_macro   0x0000000000000e72       0x2e App/Src/led.o
 .debug_macro   0x0000000000000ea0       0x22 App/Src/led.o
 .debug_macro   0x0000000000000ec2       0x22 App/Src/led.o
 .debug_macro   0x0000000000000ee4       0x8e App/Src/led.o
 .debug_macro   0x0000000000000f72       0x51 App/Src/led.o
 .debug_macro   0x0000000000000fc3      0x103 App/Src/led.o
 .debug_macro   0x00000000000010c6       0x6a App/Src/led.o
 .debug_macro   0x0000000000001130      0x1df App/Src/led.o
 .debug_macro   0x000000000000130f       0x1c App/Src/led.o
 .debug_macro   0x000000000000132b       0x22 App/Src/led.o
 .debug_macro   0x000000000000134d       0xc3 App/Src/led.o
 .debug_macro   0x0000000000001410      0xd23 App/Src/led.o
 .debug_macro   0x0000000000002133     0xe09e App/Src/led.o
 .debug_macro   0x00000000000101d1       0x6d App/Src/led.o
 .debug_macro   0x000000000001023e     0x3468 App/Src/led.o
 .debug_macro   0x00000000000136a6      0x174 App/Src/led.o
 .debug_macro   0x000000000001381a       0x5c App/Src/led.o
 .debug_macro   0x0000000000013876      0x5be App/Src/led.o
 .debug_macro   0x0000000000013e34      0x289 App/Src/led.o
 .debug_macro   0x00000000000140bd      0x1cb App/Src/led.o
 .debug_macro   0x0000000000014288      0x114 App/Src/led.o
 .debug_macro   0x000000000001439c      0x1b2 App/Src/led.o
 .debug_macro   0x000000000001454e       0x27 App/Src/led.o
 .debug_macro   0x0000000000014575      0x136 App/Src/led.o
 .debug_macro   0x00000000000146ab      0x1bc App/Src/led.o
 .debug_macro   0x0000000000014867       0x34 App/Src/led.o
 .debug_macro   0x000000000001489b       0x3c App/Src/led.o
 .debug_macro   0x00000000000148d7       0x57 App/Src/led.o
 .debug_macro   0x000000000001492e       0x88 App/Src/led.o
 .debug_macro   0x00000000000149b6      0x241 App/Src/led.o
 .debug_macro   0x0000000000014bf7      0x141 App/Src/led.o
 .debug_macro   0x0000000000014d38       0x65 App/Src/led.o
 .debug_macro   0x0000000000014d9d      0x249 App/Src/led.o
 .debug_macro   0x0000000000014fe6       0x83 App/Src/led.o
 .debug_macro   0x0000000000015069       0x10 App/Src/led.o
 .debug_macro   0x0000000000015079      0x3fa App/Src/my_main.o
 .debug_macro   0x0000000000015473       0x52 App/Src/my_main.o
 .debug_macro   0x00000000000154c5       0x18 App/Src/my_main.o
 .debug_macro   0x00000000000154dd       0x3c App/Src/my_main.o
 .debug_macro   0x0000000000015519       0x34 App/Src/my_main.o
 .debug_macro   0x000000000001554d       0x16 App/Src/my_main.o
 .debug_macro   0x0000000000015563       0x35 App/Src/my_main.o
 .debug_macro   0x0000000000015598      0x333 App/Src/my_main.o
 .debug_macro   0x00000000000158cb       0x10 App/Src/my_main.o
 .debug_macro   0x00000000000158db       0x16 App/Src/my_main.o
 .debug_macro   0x00000000000158f1       0x43 App/Src/my_main.o
 .debug_macro   0x0000000000015934       0x34 App/Src/my_main.o
 .debug_macro   0x0000000000015968       0x10 App/Src/my_main.o
 .debug_macro   0x0000000000015978       0x58 App/Src/my_main.o
 .debug_macro   0x00000000000159d0       0x71 App/Src/my_main.o
 .debug_macro   0x0000000000015a41       0x1c App/Src/my_main.o
 .debug_macro   0x0000000000015a5d      0x12a App/Src/my_main.o
 .debug_macro   0x0000000000015b87       0x10 App/Src/my_main.o
 .debug_macro   0x0000000000015b97       0x1c App/Src/my_main.o
 .debug_macro   0x0000000000015bb3       0x52 App/Src/my_main.o
 .debug_macro   0x0000000000015c05       0x22 App/Src/my_main.o
 .debug_macro   0x0000000000015c27       0x10 App/Src/my_main.o
 .debug_macro   0x0000000000015c37       0x40 App/Src/my_main.o
 .debug_macro   0x0000000000015c77       0xd5 App/Src/my_main.o
 .debug_macro   0x0000000000015d4c       0x1c App/Src/my_main.o
 .debug_macro   0x0000000000015d68       0x3d App/Src/my_main.o
 .debug_macro   0x0000000000015da5       0x16 App/Src/my_main.o
 .debug_macro   0x0000000000015dbb      0x145 App/Src/my_main.o
 .debug_macro   0x0000000000015f00       0x16 App/Src/my_main.o
 .debug_macro   0x0000000000015f16       0x16 App/Src/my_main.o
 .debug_macro   0x0000000000015f2c       0x29 App/Src/my_main.o
 .debug_macro   0x0000000000015f55       0x16 App/Src/my_main.o
 .debug_macro   0x0000000000015f6b       0x20 App/Src/my_main.o
 .debug_macro   0x0000000000015f8b       0x16 App/Src/my_main.o
 .debug_macro   0x0000000000015fa1       0x60 App/Src/my_main.o
 .debug_macro   0x0000000000016001      0x1c8 App/Src/my_main.o
 .debug_macro   0x00000000000161c9       0x8f App/Src/my_main.o
 .debug_macro   0x0000000000016258       0x10 App/Src/my_main.o
 .debug_macro   0x0000000000016268      0x1c1 Core/Src/gpio.o
 .debug_macro   0x0000000000016429      0x3ba Core/Src/main.o
 .debug_macro   0x00000000000167e3      0x1b7 Core/Src/stm32f1xx_hal_msp.o
 .debug_macro   0x000000000001699a      0x1c1 Core/Src/stm32f1xx_it.o
 .debug_macro   0x0000000000016b5b      0x1a8 Core/Src/system_stm32f1xx.o
 .debug_macro   0x0000000000016d03      0x1cc Drivers/STM32F1xx_HAL_Driver/Src/stm32f1xx_hal.o
 .debug_macro   0x0000000000016ecf      0x1a8 Drivers/STM32F1xx_HAL_Driver/Src/stm32f1xx_hal_cortex.o
 .debug_macro   0x0000000000017077      0x213 Drivers/STM32F1xx_HAL_Driver/Src/stm32f1xx_hal_gpio.o
 .debug_macro   0x000000000001728a      0x1b4 Drivers/STM32F1xx_HAL_Driver/Src/stm32f1xx_hal_pcd.o
 .debug_macro   0x000000000001743e      0x1a8 Drivers/STM32F1xx_HAL_Driver/Src/stm32f1xx_hal_pcd_ex.o
 .debug_macro   0x00000000000175e6      0x1ba Drivers/STM32F1xx_HAL_Driver/Src/stm32f1xx_hal_rcc.o
 .debug_macro   0x00000000000177a0      0x1a8 Drivers/STM32F1xx_HAL_Driver/Src/stm32f1xx_hal_rcc_ex.o
 .debug_macro   0x0000000000017948      0x1a8 Drivers/STM32F1xx_HAL_Driver/Src/stm32f1xx_ll_usb.o
 .debug_macro   0x0000000000017af0      0x3cd Middlewares/ST/STM32_USB_Device_Library/Class/CDC/Src/usbd_cdc.o
 .debug_macro   0x0000000000017ebd       0x97 Middlewares/ST/STM32_USB_Device_Library/Class/CDC/Src/usbd_cdc.o
 .debug_macro   0x0000000000017f54       0xfd Middlewares/ST/STM32_USB_Device_Library/Class/CDC/Src/usbd_cdc.o
 .debug_macro   0x0000000000018051       0xbd Middlewares/ST/STM32_USB_Device_Library/Class/CDC/Src/usbd_cdc.o
 .debug_macro   0x000000000001810e       0x56 Middlewares/ST/STM32_USB_Device_Library/Class/CDC/Src/usbd_cdc.o
 .debug_macro   0x0000000000018164      0x3b4 Middlewares/ST/STM32_USB_Device_Library/Core/Src/usbd_core.o
 .debug_macro   0x0000000000018518      0x1ce Middlewares/ST/STM32_USB_Device_Library/Core/Src/usbd_core.o
 .debug_macro   0x00000000000186e6      0x3be Middlewares/ST/STM32_USB_Device_Library/Core/Src/usbd_ctlreq.o
 .debug_macro   0x0000000000018aa4      0x3ba Middlewares/ST/STM32_USB_Device_Library/Core/Src/usbd_ioreq.o
 .debug_macro   0x0000000000018e5e      0x3ed USB_DEVICE/App/usb_device.o
 .debug_macro   0x000000000001924b       0x22 USB_DEVICE/App/usb_device.o
 .debug_macro   0x000000000001926d       0x16 USB_DEVICE/App/usb_device.o
 .debug_macro   0x0000000000019283      0x3d8 USB_DEVICE/App/usbd_cdc_if.o
 .debug_macro   0x000000000001965b      0x3f1 USB_DEVICE/App/usbd_desc.o
 .debug_macro   0x0000000000019a4c       0x1c USB_DEVICE/App/usbd_desc.o
 .debug_macro   0x0000000000019a68      0x3d1 USB_DEVICE/Target/usbd_conf.o

.debug_line     0x0000000000000000    0x10680
 .debug_line    0x0000000000000000      0x713 App/Src/led.o
 .debug_line    0x0000000000000713      0xb2e App/Src/my_main.o
 .debug_line    0x0000000000001241      0x6f0 Core/Src/gpio.o
 .debug_line    0x0000000000001931      0xb16 Core/Src/main.o
 .debug_line    0x0000000000002447      0x6e3 Core/Src/stm32f1xx_hal_msp.o
 .debug_line    0x0000000000002b2a      0x7d4 Core/Src/stm32f1xx_it.o
 .debug_line    0x00000000000032fe      0x760 Core/Src/system_stm32f1xx.o
 .debug_line    0x0000000000003a5e       0x87 Core/Startup/startup_stm32f103c8tx.o
 .debug_line    0x0000000000003ae5      0x98d Drivers/STM32F1xx_HAL_Driver/Src/stm32f1xx_hal.o
 .debug_line    0x0000000000004472      0xb75 Drivers/STM32F1xx_HAL_Driver/Src/stm32f1xx_hal_cortex.o
 .debug_line    0x0000000000004fe7      0xa24 Drivers/STM32F1xx_HAL_Driver/Src/stm32f1xx_hal_gpio.o
 .debug_line    0x0000000000005a0b     0x137b Drivers/STM32F1xx_HAL_Driver/Src/stm32f1xx_hal_pcd.o
 .debug_line    0x0000000000006d86      0x75b Drivers/STM32F1xx_HAL_Driver/Src/stm32f1xx_hal_pcd_ex.o
 .debug_line    0x00000000000074e1      0xd9b Drivers/STM32F1xx_HAL_Driver/Src/stm32f1xx_hal_rcc.o
 .debug_line    0x000000000000827c      0x8d9 Drivers/STM32F1xx_HAL_Driver/Src/stm32f1xx_hal_rcc_ex.o
 .debug_line    0x0000000000008b55     0x1095 Drivers/STM32F1xx_HAL_Driver/Src/stm32f1xx_ll_usb.o
 .debug_line    0x0000000000009bea      0xe42 Middlewares/ST/STM32_USB_Device_Library/Class/CDC/Src/usbd_cdc.o
 .debug_line    0x000000000000aa2c      0xec2 Middlewares/ST/STM32_USB_Device_Library/Core/Src/usbd_core.o
 .debug_line    0x000000000000b8ee     0x10e1 Middlewares/ST/STM32_USB_Device_Library/Core/Src/usbd_ctlreq.o
 .debug_line    0x000000000000c9cf      0xb58 Middlewares/ST/STM32_USB_Device_Library/Core/Src/usbd_ioreq.o
 .debug_line    0x000000000000d527      0xb18 USB_DEVICE/App/usb_device.o
 .debug_line    0x000000000000e03f      0xb60 USB_DEVICE/App/usbd_cdc_if.o
 .debug_line    0x000000000000eb9f      0xbe1 USB_DEVICE/App/usbd_desc.o
 .debug_line    0x000000000000f780      0xf00 USB_DEVICE/Target/usbd_conf.o

.debug_str      0x0000000000000000    0x84cfc
 .debug_str     0x0000000000000000    0x7d229 App/Src/led.o
                                      0x7d571 (size before relaxing)
 .debug_str     0x000000000007d229     0x51e1 App/Src/my_main.o
                                      0x8284a (size before relaxing)
 .debug_str     0x000000000008240a       0x98 Core/Src/gpio.o
                                      0x7d5dd (size before relaxing)
 .debug_str     0x00000000000824a2      0x1ef Core/Src/main.o
                                      0x822c9 (size before relaxing)
 .debug_str     0x0000000000082691       0x5a Core/Src/stm32f1xx_hal_msp.o
                                      0x7d593 (size before relaxing)
 .debug_str     0x00000000000826eb      0x3d9 Core/Src/stm32f1xx_it.o
                                      0x7d950 (size before relaxing)
 .debug_str     0x0000000000082ac4       0x52 Core/Src/system_stm32f1xx.o
                                      0x7d558 (size before relaxing)
 .debug_str     0x0000000000082b16       0x36 Core/Startup/startup_stm32f103c8tx.o
                                         0x66 (size before relaxing)
 .debug_str     0x0000000000082b4c      0x55e Drivers/STM32F1xx_HAL_Driver/Src/stm32f1xx_hal.o
                                      0x7dbe9 (size before relaxing)
 .debug_str     0x00000000000830aa      0x2d8 Drivers/STM32F1xx_HAL_Driver/Src/stm32f1xx_hal_cortex.o
                                      0x7dbf1 (size before relaxing)
 .debug_str     0x0000000000083382      0x324 Drivers/STM32F1xx_HAL_Driver/Src/stm32f1xx_hal_gpio.o
                                      0x7d91c (size before relaxing)
 .debug_str     0x00000000000836a6      0x3e5 Drivers/STM32F1xx_HAL_Driver/Src/stm32f1xx_hal_pcd.o
                                      0x7dcab (size before relaxing)
 .debug_str     0x0000000000083a8b      0x18d Drivers/STM32F1xx_HAL_Driver/Src/stm32f1xx_hal_pcd_ex.o
                                      0x7d9f8 (size before relaxing)
 .debug_str     0x0000000000083c18      0x24f Drivers/STM32F1xx_HAL_Driver/Src/stm32f1xx_hal_rcc.o
                                      0x7d955 (size before relaxing)
 .debug_str     0x0000000000083e67       0xb9 Drivers/STM32F1xx_HAL_Driver/Src/stm32f1xx_hal_rcc_ex.o
                                      0x7d6e2 (size before relaxing)
 .debug_str     0x0000000000083f20      0x2ad Drivers/STM32F1xx_HAL_Driver/Src/stm32f1xx_ll_usb.o
                                      0x7da2b (size before relaxing)
 .debug_str     0x00000000000841cd      0x293 Middlewares/ST/STM32_USB_Device_Library/Class/CDC/Src/usbd_cdc.o
                                      0x82d89 (size before relaxing)
 .debug_str     0x0000000000084460      0x1b5 Middlewares/ST/STM32_USB_Device_Library/Core/Src/usbd_core.o
                                      0x82684 (size before relaxing)
 .debug_str     0x0000000000084615      0x134 Middlewares/ST/STM32_USB_Device_Library/Core/Src/usbd_ctlreq.o
                                      0x8260a (size before relaxing)
 .debug_str     0x0000000000084749       0xc9 Middlewares/ST/STM32_USB_Device_Library/Core/Src/usbd_ioreq.o
                                      0x82592 (size before relaxing)
 .debug_str     0x0000000000084812       0xc2 USB_DEVICE/App/usb_device.o
                                      0x828f9 (size before relaxing)
 .debug_str     0x00000000000848d4       0x86 USB_DEVICE/App/usbd_cdc_if.o
                                      0x82931 (size before relaxing)
 .debug_str     0x000000000008495a      0x24e USB_DEVICE/App/usbd_desc.o
                                      0x824f3 (size before relaxing)
 .debug_str     0x0000000000084ba8      0x154 USB_DEVICE/Target/usbd_conf.o
                                      0x831af (size before relaxing)

.comment        0x0000000000000000       0x53
 .comment       0x0000000000000000       0x53 App/Src/led.o
                                         0x54 (size before relaxing)
 .comment       0x0000000000000053       0x54 App/Src/my_main.o
 .comment       0x0000000000000053       0x54 Core/Src/gpio.o
 .comment       0x0000000000000053       0x54 Core/Src/main.o
 .comment       0x0000000000000053       0x54 Core/Src/stm32f1xx_hal_msp.o
 .comment       0x0000000000000053       0x54 Core/Src/stm32f1xx_it.o
 .comment       0x0000000000000053       0x54 Core/Src/system_stm32f1xx.o
 .comment       0x0000000000000053       0x54 Drivers/STM32F1xx_HAL_Driver/Src/stm32f1xx_hal.o
 .comment       0x0000000000000053       0x54 Drivers/STM32F1xx_HAL_Driver/Src/stm32f1xx_hal_cortex.o
 .comment       0x0000000000000053       0x54 Drivers/STM32F1xx_HAL_Driver/Src/stm32f1xx_hal_gpio.o
 .comment       0x0000000000000053       0x54 Drivers/STM32F1xx_HAL_Driver/Src/stm32f1xx_hal_pcd.o
 .comment       0x0000000000000053       0x54 Drivers/STM32F1xx_HAL_Driver/Src/stm32f1xx_hal_pcd_ex.o
 .comment       0x0000000000000053       0x54 Drivers/STM32F1xx_HAL_Driver/Src/stm32f1xx_hal_rcc.o
 .comment       0x0000000000000053       0x54 Drivers/STM32F1xx_HAL_Driver/Src/stm32f1xx_hal_rcc_ex.o
 .comment       0x0000000000000053       0x54 Drivers/STM32F1xx_HAL_Driver/Src/stm32f1xx_ll_usb.o
 .comment       0x0000000000000053       0x54 Middlewares/ST/STM32_USB_Device_Library/Class/CDC/Src/usbd_cdc.o
 .comment       0x0000000000000053       0x54 Middlewares/ST/STM32_USB_Device_Library/Core/Src/usbd_core.o
 .comment       0x0000000000000053       0x54 Middlewares/ST/STM32_USB_Device_Library/Core/Src/usbd_ctlreq.o
 .comment       0x0000000000000053       0x54 Middlewares/ST/STM32_USB_Device_Library/Core/Src/usbd_ioreq.o
 .comment       0x0000000000000053       0x54 USB_DEVICE/App/usb_device.o
 .comment       0x0000000000000053       0x54 USB_DEVICE/App/usbd_cdc_if.o
 .comment       0x0000000000000053       0x54 USB_DEVICE/App/usbd_desc.o
 .comment       0x0000000000000053       0x54 USB_DEVICE/Target/usbd_conf.o

.debug_frame    0x0000000000000000     0x2860
 .debug_frame   0x0000000000000000       0x64 App/Src/led.o
 .debug_frame   0x0000000000000064       0x30 App/Src/my_main.o
 .debug_frame   0x0000000000000094       0x34 Core/Src/gpio.o
 .debug_frame   0x00000000000000c8       0x68 Core/Src/main.o
 .debug_frame   0x0000000000000130       0x38 Core/Src/stm32f1xx_hal_msp.o
 .debug_frame   0x0000000000000168      0x13c Core/Src/stm32f1xx_it.o
 .debug_frame   0x00000000000002a4       0x58 Core/Src/system_stm32f1xx.o
 .debug_frame   0x00000000000002fc      0x334 Drivers/STM32F1xx_HAL_Driver/Src/stm32f1xx_hal.o
 .debug_frame   0x0000000000000630      0x428 Drivers/STM32F1xx_HAL_Driver/Src/stm32f1xx_hal_cortex.o
 .debug_frame   0x0000000000000a58      0x14c Drivers/STM32F1xx_HAL_Driver/Src/stm32f1xx_hal_gpio.o
 .debug_frame   0x0000000000000ba4      0x578 Drivers/STM32F1xx_HAL_Driver/Src/stm32f1xx_hal_pcd.o
 .debug_frame   0x000000000000111c       0xb0 Drivers/STM32F1xx_HAL_Driver/Src/stm32f1xx_hal_pcd_ex.o
 .debug_frame   0x00000000000011cc      0x21c Drivers/STM32F1xx_HAL_Driver/Src/stm32f1xx_hal_rcc.o
 .debug_frame   0x00000000000013e8       0x84 Drivers/STM32F1xx_HAL_Driver/Src/stm32f1xx_hal_rcc_ex.o
 .debug_frame   0x000000000000146c      0x450 Drivers/STM32F1xx_HAL_Driver/Src/stm32f1xx_ll_usb.o
 .debug_frame   0x00000000000018bc      0x248 Middlewares/ST/STM32_USB_Device_Library/Class/CDC/Src/usbd_cdc.o
 .debug_frame   0x0000000000001b04      0x300 Middlewares/ST/STM32_USB_Device_Library/Core/Src/usbd_core.o
 .debug_frame   0x0000000000001e04      0x218 Middlewares/ST/STM32_USB_Device_Library/Core/Src/usbd_ctlreq.o
 .debug_frame   0x000000000000201c      0x10c Middlewares/ST/STM32_USB_Device_Library/Core/Src/usbd_ioreq.o
 .debug_frame   0x0000000000002128       0x2c USB_DEVICE/App/usb_device.o
 .debug_frame   0x0000000000002154       0xbc USB_DEVICE/App/usbd_cdc_if.o
 .debug_frame   0x0000000000002210      0x160 USB_DEVICE/App/usbd_desc.o
 .debug_frame   0x0000000000002370      0x4a4 USB_DEVICE/Target/usbd_conf.o
 .debug_frame   0x0000000000002814       0x2c d:/studia/stm32/ide/stm32cubeide_1.5.1/stm32cubeide/plugins/com.st.stm32cube.ide.mcu.externaltools.gnu-tools-for-stm32.9-2020-q2-update.win32_1.5.0.202011040924/tools/bin/../lib/gcc/arm-none-eabi/9.3.1/../../../../arm-none-eabi/lib/thumb/v7-m/nofp\libc_nano.a(lib_a-init.o)
 .debug_frame   0x0000000000002840       0x20 d:/studia/stm32/ide/stm32cubeide_1.5.1/stm32cubeide/plugins/com.st.stm32cube.ide.mcu.externaltools.gnu-tools-for-stm32.9-2020-q2-update.win32_1.5.0.202011040924/tools/bin/../lib/gcc/arm-none-eabi/9.3.1/../../../../arm-none-eabi/lib/thumb/v7-m/nofp\libc_nano.a(lib_a-memset.o)
